Component: ARM Compiler 5.05 update 1 (build 106) Tool: armlink [4d0efa]

==============================================================================

Section Cross References

    main.o(.text) refers to _printf_pad.o(.text) for _printf_pre_padding
    main.o(.text) refers to _printf_percent.o(.ARM.Collect$$_printf_percent$$00000000) for _printf_percent
    main.o(.text) refers to _printf_d.o(.ARM.Collect$$_printf_percent$$00000009) for _printf_d
    main.o(.text) refers to _printf_dec.o(.text) for _printf_int_dec
    main.o(.text) refers to _printf_f.o(.ARM.Collect$$_printf_percent$$00000003) for _printf_f
    main.o(.text) refers to printf1.o(x$fpl$printf1) for _printf_fp_dec
    main.o(.text) refers to oled.o(.text) for OLED_DrawPoint
    main.o(.text) refers to dht11.o(.text) for DHT11_Read_Data
    main.o(.text) refers to dflt_clz.o(x$fpl$dfltu) for __aeabi_ui2d
    main.o(.text) refers to dmul.o(x$fpl$dmul) for __aeabi_dmul
    main.o(.text) refers to daddsub_clz.o(x$fpl$dadd) for __aeabi_dadd
    main.o(.text) refers to d2f.o(x$fpl$d2f) for __aeabi_d2f
    main.o(.text) refers to sys.o(.text) for NVIC_Configuration
    main.o(.text) refers to delay.o(.text) for delay_init
    main.o(.text) refers to usartt.o(.text) for USART1_Config
    main.o(.text) refers to led.o(.text) for LED_Init
    main.o(.text) refers to max30102.o(.text) for max30102_init
    main.o(.text) refers to noretval__2printf.o(.text) for __2printf
    main.o(.text) refers to algorithm.o(.text) for maxim_heart_rate_and_oxygen_saturation
    main.o(.text) refers to fflt_clz.o(x$fpl$ffltu) for __aeabi_ui2f
    main.o(.text) refers to fdiv.o(x$fpl$fdiv) for __aeabi_fdiv
    main.o(.text) refers to fmul.o(x$fpl$fmul) for __aeabi_fmul
    main.o(.text) refers to ffix.o(x$fpl$ffix) for __aeabi_f2iz
    main.o(.text) refers to noretval__2sprintf.o(.text) for __2sprintf
    main.o(.text) refers to f2d.o(x$fpl$f2d) for __aeabi_f2d
    main.o(.text) refers to main.o(.data) for humidity_little
    main.o(.text) refers to main.o(.conststring) for .conststring
    main.o(.text) refers to main.o(.bss) for aun_red_buffer
    system_stm32f10x.o(.text) refers to system_stm32f10x.o(.data) for SystemCoreClock
    dht11.o(.text) refers to stm32f10x_rcc.o(.text) for RCC_APB2PeriphClockCmd
    dht11.o(.text) refers to stm32f10x_gpio.o(.text) for GPIO_Init
    usartt.o(.text) refers (Special) to use_no_semi_2.o(.text) for __use_no_semihosting
    usartt.o(.text) refers to stm32f10x_rcc.o(.text) for RCC_APB2PeriphClockCmd
    usartt.o(.text) refers to stm32f10x_gpio.o(.text) for GPIO_Init
    usartt.o(.text) refers to stm32f10x_usart.o(.text) for USART_Init
    usartt.o(.text) refers to misc.o(.text) for NVIC_Init
    usartt.o(.data) refers (Special) to use_no_semi_2.o(.text) for __use_no_semihosting
    led.o(.text) refers to stm32f10x_rcc.o(.text) for RCC_APB2PeriphClockCmd
    led.o(.text) refers to stm32f10x_gpio.o(.text) for GPIO_Init
    myiic.o(.text) refers to stm32f10x_rcc.o(.text) for RCC_APB2PeriphClockCmd
    myiic.o(.text) refers to stm32f10x_gpio.o(.text) for GPIO_Init
    myiic.o(.text) refers to delay.o(.text) for delay_us
    max30102.o(.text) refers to myiic.o(.text) for IIC_Start
    max30102.o(.text) refers to stm32f10x_rcc.o(.text) for RCC_APB2PeriphClockCmd
    max30102.o(.text) refers to stm32f10x_gpio.o(.text) for GPIO_Init
    algorithm.o(.text) refers to algorithm.o(.bss) for an_x
    algorithm.o(.text) refers to algorithm.o(.constdata) for auw_hamm
    oled.o(.text) refers to stm32f10x_rcc.o(.text) for RCC_APB2PeriphClockCmd
    oled.o(.text) refers to stm32f10x_gpio.o(.text) for GPIO_Init
    oled.o(.text) refers to delay.o(.text) for delay_ms
    oled.o(.text) refers to oled.o(.bss) for OLED_GRAM
    oled.o(.text) refers to oled.o(.constdata) for asc2_1206
    delay.o(.text) refers to misc.o(.text) for SysTick_CLKSourceConfig
    delay.o(.text) refers to system_stm32f10x.o(.data) for SystemCoreClock
    delay.o(.text) refers to delay.o(.data) for fac_us
    sys.o(.text) refers to misc.o(.text) for NVIC_PriorityGroupConfig
    startup_stm32f10x_md.o(STACK) refers (Special) to heapauxi.o(.text) for __use_two_region_memory
    startup_stm32f10x_md.o(HEAP) refers (Special) to heapauxi.o(.text) for __use_two_region_memory
    startup_stm32f10x_md.o(RESET) refers (Special) to heapauxi.o(.text) for __use_two_region_memory
    startup_stm32f10x_md.o(RESET) refers to startup_stm32f10x_md.o(STACK) for __initial_sp
    startup_stm32f10x_md.o(RESET) refers to startup_stm32f10x_md.o(.text) for Reset_Handler
    startup_stm32f10x_md.o(RESET) refers to stm32f10x_it.o(.text) for NMI_Handler
    startup_stm32f10x_md.o(RESET) refers to usartt.o(.text) for USART1_IRQHandler
    startup_stm32f10x_md.o(.text) refers (Special) to heapauxi.o(.text) for __use_two_region_memory
    startup_stm32f10x_md.o(.text) refers to system_stm32f10x.o(.text) for SystemInit
    startup_stm32f10x_md.o(.text) refers to __main.o(!!!main) for __main
[...]
    libinit2.o(.ARM.Collect$$libinit$$00000026) refers to argv_veneer.o(.emb_text) for __ARM_argv_veneer
    libinit2.o(.ARM.Collect$$libinit$$00000027) refers to argv_veneer.o(.emb_text) for __ARM_argv_veneer
    rtexit.o(.ARM.Collect$$rtexit$$00000000) refers (Special) to rtexit2.o(.ARM.Collect$$rtexit$$00000004) for __rt_exit_exit
    rtexit.o(.ARM.Collect$$rtexit$$00000000) refers (Special) to rtexit2.o(.ARM.Collect$$rtexit$$00000003) for __rt_exit_ls
    rtexit.o(.ARM.Collect$$rtexit$$00000000) refers (Special) to rtexit2.o(.ARM.Collect$$rtexit$$00000002) for __rt_exit_prels_1
    rtexit.o(.ARM.exidx) refers (Special) to rtexit2.o(.ARM.Collect$$rtexit$$00000004) for __rt_exit_exit
    rtexit.o(.ARM.exidx) refers (Special) to rtexit2.o(.ARM.Collect$$rtexit$$00000003) for __rt_exit_ls
    rtexit.o(.ARM.exidx) refers (Special) to rtexit2.o(.ARM.Collect$$rtexit$$00000002) for __rt_exit_prels_1
    rtexit.o(.ARM.exidx) refers to rtexit.o(.ARM.Collect$$rtexit$$00000000) for .ARM.Collect$$rtexit$$00000000
    argv_veneer.o(.emb_text) refers to no_argv.o(.text) for __ARM_get_argv
    rtexit2.o(.ARM.Collect$$rtexit$$00000003) refers to libshutdown.o(.ARM.Collect$$libshutdown$$00000000) for __rt_lib_shutdown
    rtexit2.o(.ARM.Collect$$rtexit$$00000004) refers to usartt.o(.text) for _sys_exit
    rtexit2.o(.ARM.exidx) refers to rtexit2.o(.ARM.Collect$$rtexit$$00000001) for .ARM.Collect$$rtexit$$00000001
    rtexit2.o(.ARM.exidx) refers to rtexit2.o(.ARM.Collect$$rtexit$$00000003) for .ARM.Collect$$rtexit$$00000003
    rtexit2.o(.ARM.exidx) refers to rtexit2.o(.ARM.Collect$$rtexit$$00000004) for .ARM.Collect$$rtexit$$00000004
    _get_argv_nomalloc.o(.text) refers (Special) to hrguard.o(.text) for __heap_region$guard
    _get_argv_nomalloc.o(.text) refers to defsig_rtmem_outer.o(.text) for __rt_SIGRTMEM
    _get_argv_nomalloc.o(.text) refers to sys_command.o(.text) for _sys_command_string
    sys_command.o(.text) refers (Special) to use_no_semi.o(.text) for __I$use$semihosting
    sys_command.o(.text) refers (Special) to indicate_semi.o(.text) for __semihosting_library_function
    defsig_rtmem_outer.o(.text) refers to defsig_rtmem_inner.o(.text) for __rt_SIGRTMEM_inner
    defsig_rtmem_outer.o(.text) refers to defsig_exit.o(.text) for __sig_exit
    defsig_rtmem_formal.o(.text) refers to rt_raise.o(.text) for __rt_raise
    libshutdown.o(.ARM.Collect$$libshutdown$$00000000) refers (Special) to libshutdown2.o(.ARM.Collect$$libshutdown$$00000006) for __rt_lib_shutdown_fp_trap_1
    libshutdown.o(.ARM.Collect$$libshutdown$$00000000) refers (Special) to libshutdown2.o(.ARM.Collect$$libshutdown$$0000000E) for __rt_lib_shutdown_heap_1
    libshutdown.o(.ARM.Collect$$libshutdown$$00000000) refers (Special) to libshutdown2.o(.ARM.Collect$$libshutdown$$0000000F) for __rt_lib_shutdown_return
    libshutdown.o(.ARM.Collect$$libshutdown$$00000000) refers (Special) to libshutdown2.o(.ARM.Collect$$libshutdown$$00000009) for __rt_lib_shutdown_signal_1
    libshutdown.o(.ARM.Collect$$libshutdown$$00000000) refers (Special) to libshutdown2.o(.ARM.Collect$$libshutdown$$00000003) for __rt_lib_shutdown_stdio_1
    libshutdown.o(.ARM.Collect$$libshutdown$$00000000) refers (Special) to libshutdown2.o(.ARM.Collect$$libshutdown$$0000000B) for __rt_lib_shutdown_user_alloc_1
    rt_raise.o(.text) refers to __raise.o(.text) for __raise
    rt_raise.o(.text) refers to usartt.o(.text) for _sys_exit
    defsig_exit.o(.text) refers to usartt.o(.text) for _sys_exit
    defsig_rtmem_inner.o(.text) refers to defsig_general.o(.text) for __default_signal_display
    __raise.o(.text) refers to defsig.o(CL$$defsig) for __default_signal_handler
    defsig_general.o(.text) refers to sys_wrch.o(.text) for _ttywrch
    sys_wrch.o(.text) refers (Special) to use_no_semi.o(.text) for __I$use$semihosting
    sys_wrch.o(.text) refers (Special) to indicate_semi.o(.text) for __semihosting_library_function
    defsig.o(CL$$defsig) refers to defsig_rtmem_inner.o(.text) for __rt_SIGRTMEM_inner
    defsig_abrt_inner.o(.text) refers to defsig_general.o(.text) for __default_signal_display
    defsig_fpe_inner.o(.text) refers to defsig_general.o(.text) for __default_signal_display
    defsig_rtred_inner.o(.text) refers to defsig_general.o(.text) for __default_signal_display
    defsig_stak_inner.o(.text) refers to defsig_general.o(.text) for __default_signal_display
    defsig_pvfn_inner.o(.text) refers to defsig_general.o(.text) for __default_signal_display
    defsig_cppl_inner.o(.text) refers to defsig_general.o(.text) for __default_signal_display
    defsig_segv_inner.o(.text) refers to defsig_general.o(.text) for __default_signal_display
    defsig_other.o(.text) refers to defsig_general.o(.text) for __default_signal_display


==============================================================================

Removing Unused input sections from the image.

    Removing core_cm3.o(.emb_text), (32 bytes).

1 unused section(s) (total 32 bytes) removed from the image.

==============================================================================

Image Symbol Table

    Local Symbols

    Symbol Name                              Value     Ov Type        Size  Object(Section)

    ../clib/angel/boardlib.s                 0x00000000   Number         0  boardinit1.o ABSOLUTE
    ../clib/angel/boardlib.s                 0x00000000   Number         0  boardinit2.o ABSOLUTE
    ../clib/angel/boardlib.s                 0x00000000   Number         0  boardinit3.o ABSOLUTE
    ../clib/angel/boardlib.s                 0x00000000   Number         0  boardshut.o ABSOLUTE
    ../clib/angel/handlers.s                 0x00000000   Number         0  __scatter_copy.o ABSOLUTE
    ../clib/angel/handlers.s                 0x00000000   Number         0  __scatter_zi.o ABSOLUTE
    ../clib/angel/kernel.s                   0x00000000   Number         0  __rtentry4.o ABSOLUTE
    ../clib/angel/kernel.s                   0x00000000   Number         0  __rtentry2.o ABSOLUTE
    ../clib/angel/kernel.s                   0x00000000   Number         0  rtexit2.o ABSOLUTE
    ../clib/angel/kernel.s                   0x00000000   Number         0  rtexit.o ABSOLUTE
    ../clib/angel/kernel.s                   0x00000000   Number         0  __rtentry.o ABSOLUTE
    ../clib/angel/rt.s                       0x00000000   Number         0  rt_locale_intlibspace.o ABSOLUTE
    ../clib/angel/rt.s                       0x00000000   Number         0  rt_locale.o ABSOLUTE
    ../clib/angel/rt.s                       0x00000000   Number         0  rt_raise.o ABSOLUTE
    ../clib/angel/scatter.s                  0x00000000   Number         0  __scatter.o ABSOLUTE
    ../clib/angel/startup.s                  0x00000000   Number         0  __main.o ABSOLUTE
    ../clib/angel/sys.s                      0x00000000   Number         0  use_no_semi_2.o ABSOLUTE
    ../clib/angel/sys.s                      0x00000000   Number         0  indicate_semi.o ABSOLUTE
    ../clib/angel/sys.s                      0x00000000   Number         0  use_no_semi.o ABSOLUTE
    ../clib/angel/sys.s                      0x00000000   Number         0  libspace.o ABSOLUTE
    ../clib/angel/sys.s                      0x00000000   Number         0  sys_stackheap_outer.o ABSOLUTE
    ../clib/angel/sysapp.c                   0x00000000   Number         0  sys_wrch.o ABSOLUTE
    ../clib/angel/sysapp.c                   0x00000000   Number         0  sys_command.o ABSOLUTE
    ../clib/armsys.c                         0x00000000   Number         0  argv_veneer.o ABSOLUTE
    ../clib/armsys.c                         0x00000000   Number         0  _get_argv_nomalloc.o ABSOLUTE
    ../clib/armsys.c                         0x00000000   Number         0  no_argv.o ABSOLUTE
    ../clib/armsys.c                         0x00000000   Number         0  argv_veneer.o ABSOLUTE
    ../clib/bigflt.c                         0x00000000   Number         0  bigflt0.o ABSOLUTE
    ../clib/btod.s                           0x00000000   Number         0  btod.o ABSOLUTE
    ../clib/heapalloc.c                      0x00000000   Number         0  hrguard.o ABSOLUTE
    ../clib/heapaux.c                        0x00000000   Number         0  heapauxi.o ABSOLUTE
    ../clib/libinit.s                        0x00000000   Number         0  libshutdown.o ABSOLUTE
    ../clib/libinit.s                        0x00000000   Number         0  libinit2.o ABSOLUTE
    ../clib/libinit.s                        0x00000000   Number         0  libshutdown2.o ABSOLUTE
    ../clib/libinit.s                        0x00000000   Number         0  libinit.o ABSOLUTE
    ../clib/locale.s                         0x00000000   Number         0  lc_numeric_c.o ABSOLUTE
    ../clib/longlong.s                       0x00000000   Number         0  lludiv10.o ABSOLUTE
    ../clib/memcpset.s                       0x00000000   Number         0  strcmpv7m.o ABSOLUTE
    ../clib/misc.s                           0x00000000   Number         0  printf_stubs.o ABSOLUTE
    ../clib/printf.c                         0x00000000   Number         0  _printf_char_file.o ABSOLUTE
    ../clib/printf.c                         0x00000000   Number         0  _printf_intcommon.o ABSOLUTE
    ../clib/printf.c                         0x00000000   Number         0  _printf_fp_dec.o ABSOLUTE
    ../clib/printf.c                         0x00000000   Number         0  __printf_nopercent.o ABSOLUTE
    ../clib/printf.c                         0x00000000   Number         0  _printf_fp_infnan.o ABSOLUTE
    ../clib/printf.c                         0x00000000   Number         0  _printf_char_common.o ABSOLUTE
    ../clib/printf.c                         0x00000000   Number         0  __printf_ss.o ABSOLUTE
    ../clib/printf.c                         0x00000000   Number         0  _sputc.o ABSOLUTE
    ../clib/printf.c                         0x00000000   Number         0  __2printf.o ABSOLUTE
    ../clib/printf.c                         0x00000000   Number         0  __2sprintf.o ABSOLUTE
    ../clib/printf.c                         0x00000000   Number         0  noretval__2printf.o ABSOLUTE
    ../clib/printf.c                         0x00000000   Number         0  noretval__2sprintf.o ABSOLUTE
    ../clib/printf.c                         0x00000000   Number         0  __printf.o ABSOLUTE
    ../clib/printf.c                         0x00000000   Number         0  _printf_pad.o ABSOLUTE
    ../clib/printf.c                         0x00000000   Number         0  _printf_dec.o ABSOLUTE
    ../clib/printf.c                         0x00000000   Number         0  __printf_flags.o ABSOLUTE
    ../clib/printf.c                         0x00000000   Number         0  __printf_flags_ss.o ABSOLUTE
    ../clib/printf.c                         0x00000000   Number         0  __printf_wp.o ABSOLUTE
    ../clib/printf.c                         0x00000000   Number         0  __printf_flags_wp.o ABSOLUTE
    ../clib/printf.c                         0x00000000   Number         0  __printf_ss_wp.o ABSOLUTE
    ../clib/printf.c                         0x00000000   Number         0  __printf_flags_ss_wp.o ABSOLUTE
    ../clib/printf_percent.s                 0x00000000   Number         0  _printf_percent_end.o ABSOLUTE
    ../clib/printf_percent.s                 0x00000000   Number         0  _printf_percent.o ABSOLUTE
    ../clib/printf_percent.s                 0x00000000   Number         0  _printf_f.o ABSOLUTE
    ../clib/printf_percent.s                 0x00000000   Number         0  _printf_d.o ABSOLUTE
    ../clib/signal.c                         0x00000000   Number         0  defsig_segv_inner.o ABSOLUTE
    ../clib/signal.c                         0x00000000   Number         0  defsig_exit.o ABSOLUTE
    ../clib/signal.c                         0x00000000   Number         0  defsig_rtmem_outer.o ABSOLUTE
    ../clib/signal.c                         0x00000000   Number         0  defsig_abrt_inner.o ABSOLUTE
    ../clib/signal.c                         0x00000000   Number         0  defsig_rtmem_inner.o ABSOLUTE
    ../clib/signal.c                         0x00000000   Number         0  __raise.o ABSOLUTE
    ../clib/signal.c                         0x00000000   Number         0  defsig_general.o ABSOLUTE
    ../clib/signal.c                         0x00000000   Number         0  defsig_other.o ABSOLUTE
    ../clib/signal.c                         0x00000000   Number         0  defsig_stak_inner.o ABSOLUTE
    ../clib/signal.c                         0x00000000   Number         0  defsig_pvfn_inner.o ABSOLUTE
    ../clib/signal.c                         0x00000000   Number         0  defsig_rtmem_formal.o ABSOLUTE
    ../clib/signal.c                         0x00000000   Number         0  defsig_cppl_inner.o ABSOLUTE
    ../clib/signal.c                         0x00000000   Number         0  defsig_rtred_inner.o ABSOLUTE
    ../clib/signal.c                         0x00000000   Number         0  defsig_fpe_inner.o ABSOLUTE
    ../clib/signal.s                         0x00000000   Number         0  defsig.o ABSOLUTE
    ../clib/stdio.c                          0x00000000   Number         0  ferror.o ABSOLUTE
    ../clib/stdio.c                          0x00000000   Number         0  ferror_locked.o ABSOLUTE
    ../clib/stdlib.c                         0x00000000   Number         0  exit.o ABSOLUTE
    ../fplib/d2f.s                           0x00000000   Number         0  d2f.o ABSOLUTE
    ../fplib/daddsub.s                       0x00000000   Number         0  daddsub_clz.o ABSOLUTE
    ../fplib/dflt.s                          0x00000000   Number         0  dflt_clz.o ABSOLUTE
    ../fplib/dmul.s                          0x00000000   Number         0  dmul.o ABSOLUTE
    ../fplib/dnaninf.s                       0x00000000   Number         0  dnaninf.o ABSOLUTE
    ../fplib/dretinf.s                       0x00000000   Number         0  dretinf.o ABSOLUTE
    ../fplib/f2d.s                           0x00000000   Number         0  f2d.o ABSOLUTE
    ../fplib/fdiv.s                          0x00000000   Number         0  fdiv.o ABSOLUTE
    ../fplib/ffix.s                          0x00000000   Number         0  ffix.o ABSOLUTE
    ../fplib/fflt.s                          0x00000000   Number         0  fflt_clz.o ABSOLUTE
    ../fplib/fmul.s                          0x00000000   Number         0  fmul.o ABSOLUTE
    ../fplib/fnaninf.s                       0x00000000   Number         0  fnaninf.o ABSOLUTE
    ../fplib/fpinit.s                        0x00000000   Number         0  fpinit.o ABSOLUTE
    ../fplib/fretinf.s                       0x00000000   Number         0  fretinf.o ABSOLUTE
    ../fplib/istatus.s                       0x00000000   Number         0  istatus.o ABSOLUTE
    ../fplib/printf1.s                       0x00000000   Number         0  printf1.o ABSOLUTE
    ../fplib/usenofp.s                       0x00000000   Number         0  usenofp.o ABSOLUTE
    ../mathlib/fpclassify.c                  0x00000000   Number         0  fpclassify.o ABSOLUTE
    ..\CORE\core_cm3.c                       0x00000000   Number         0  core_cm3.o ABSOLUTE
    ..\CORE\startup_stm32f10x_md.s           0x00000000   Number         0  startup_stm32f10x_md.o ABSOLUTE
    ..\HARDWARE\IIC\algorithm.c              0x00000000   Number         0  algorithm.o ABSOLUTE
    ..\HARDWARE\IIC\max30102.c               0x00000000   Number         0  max30102.o ABSOLUTE
    ..\HARDWARE\IIC\myiic.c                  0x00000000   Number         0  myiic.o ABSOLUTE
    ..\HARDWARE\LED\led.c                    0x00000000   Number         0  led.o ABSOLUTE
    ..\HARDWARE\OLED\oled.c                  0x00000000   Number         0  oled.o ABSOLUTE
    ..\STM32F10x_FWLib\src\misc.c            0x00000000   Number         0  misc.o ABSOLUTE
    ..\STM32F10x_FWLib\src\stm32f10x_gpio.c  0x00000000   Number         0  stm32f10x_gpio.o ABSOLUTE
    ..\STM32F10x_FWLib\src\stm32f10x_rcc.c   0x00000000   Number         0  stm32f10x_rcc.o ABSOLUTE
    ..\STM32F10x_FWLib\src\stm32f10x_usart.c 0x00000000   Number         0  stm32f10x_usart.o ABSOLUTE
    ..\SYSTEM\delay\delay.c                  0x00000000   Number         0  delay.o ABSOLUTE
    ..\SYSTEM\sys\sys.c                      0x00000000   Number         0  sys.o ABSOLUTE
    ..\\CORE\\core_cm3.c                     0x00000000   Number         0  core_cm3.o ABSOLUTE
    dc.s                                     0x00000000   Number         0  dc.o ABSOLUTE
    dht11.c                                  0x00000000   Number         0  dht11.o ABSOLUTE
    main.c                                   0x00000000   Number         0  main.o ABSOLUTE
    stm32f10x_it.c                           0x00000000   Number         0  stm32f10x_it.o ABSOLUTE
    system_stm32f10x.c                       0x00000000   Number         0  system_stm32f10x.o ABSOLUTE
    usartt.c                                 0x00000000   Number         0  usartt.o ABSOLUTE
    RESET                                    0x08000000   Section      236  startup_stm32f10x_md.o(RESET)
    !!!main                                  0x080000ec   Section        8  __main.o(!!!main)
    !!!scatter                               0x080000f4   Section       52  __scatter.o(!!!scatter)
    !!handler_copy                           0x08000128   Section       26  __scatter_copy.o(!!handler_copy)
    !!handler_zi                             0x08000144   Section       28  __scatter_zi.o(!!handler_zi)
    .ARM.Collect$$_printf_percent$$00000000  0x08000160   Section        0  _printf_percent.o(.ARM.Collect$$_printf_percent$$00000000)
    .ARM.Collect$$_printf_percent$$00000003  0x08000160   Section        6  _printf_f.o(.ARM.Collect$$_printf_percent$$00000003)
    .ARM.Collect$$_printf_percent$$00000009  0x08000166   Section        6  _printf_d.o(.ARM.Collect$$_printf_percent$$00000009)
    .ARM.Collect$$_printf_percent$$00000017  0x0800016c   Section        4  _printf_percent_end.o(.ARM.Collect$$_printf_percent$$00000017)
    .ARM.Collect$$libinit$$00000000          0x08000170   Section        2  libinit.o(.ARM.Collect$$libinit$$00000000)
    .ARM.Collect$$libinit$$00000002          0x08000172   Section        0  libinit2.o(.ARM.Collect$$libinit$$00000002)
    .ARM.Collect$$libinit$$00000004          0x08000172   Section        0  libinit2.o(.ARM.Collect$$libinit$$00000004)
    .ARM.Collect$$libinit$$0000000A          0x08000172   Section        0  libinit2.o(.ARM.Collect$$libinit$$0000000A)
    .ARM.Collect$$libinit$$0000000C          0x08000172   Section        0  libinit2.o(.ARM.Collect$$libinit$$0000000C)
    .ARM.Collect$$libinit$$0000000E          0x08000172   Section        0  libinit2.o(.ARM.Collect$$libinit$$0000000E)
    .ARM.Collect$$libinit$$0000000F          0x08000172   Section        6  libinit2.o(.ARM.Collect$$libinit$$0000000F)
    .ARM.Collect$$libinit$$00000011          0x08000178   Section        0  libinit2.o(.ARM.Collect$$libinit$$00000011)
    .ARM.Collect$$libinit$$00000013          0x08000178   Section        0  libinit2.o(.ARM.Collect$$libinit$$00000013)
    .ARM.Collect$$libinit$$00000015          0x08000178   Section        0  libinit2.o(.ARM.Collect$$libinit$$00000015)
    .ARM.Collect$$libinit$$00000016          0x08000178   Section       10  libinit2.o(.ARM.Collect$$libinit$$00000016)
    .ARM.Collect$$libinit$$00000017          0x08000182   Section        0  libinit2.o(.ARM.Collect$$libinit$$00000017)
    .ARM.Collect$$libinit$$00000019          0x08000182   Section        0  libinit2.o(.ARM.Collect$$libinit$$00000019)
    .ARM.Collect$$libinit$$0000001B          0x08000182   Section        0  libinit2.o(.ARM.Collect$$libinit$$0000001B)
    .ARM.Collect$$libinit$$0000001D          0x08000182   Section        0  libinit2.o(.ARM.Collect$$libinit$$0000001D)
    .ARM.Collect$$libinit$$0000001F          0x08000182   Section        0  libinit2.o(.ARM.Collect$$libinit$$0000001F)
    .ARM.Collect$$libinit$$00000021          0x08000182   Section        0  libinit2.o(.ARM.Collect$$libinit$$00000021)
    .ARM.Collect$$libinit$$00000023          0x08000182   Section        0  libinit2.o(.ARM.Collect$$libinit$$00000023)
    .ARM.Collect$$libinit$$00000025          0x08000182   Section        0  libinit2.o(.ARM.Collect$$libinit$$00000025)
    .ARM.Collect$$libinit$$0000002C          0x08000182   Section        0  libinit2.o(.ARM.Collect$$libinit$$0000002C)
    .ARM.Collect$$libinit$$0000002E          0x08000182   Section        0  libinit2.o(.ARM.Collect$$libinit$$0000002E)
    .ARM.Collect$$libinit$$00000030          0x08000182   Section        0  libinit2.o(.ARM.Collect$$libinit$$00000030)
    .ARM.Collect$$libinit$$00000032          0x08000182   Section        0  libinit2.o(.ARM.Collect$$libinit$$00000032)
    .ARM.Collect$$libinit$$00000033          0x08000182   Section        2  libinit2.o(.ARM.Collect$$libinit$$00000033)
    .ARM.Collect$$libshutdown$$00000000      0x08000184   Section        2  libshutdown.o(.ARM.Collect$$libshutdown$$00000000)
    .ARM.Collect$$libshutdown$$00000003      0x08000186   Section        0  libshutdown2.o(.ARM.Collect$$libshutdown$$00000003)
    .ARM.Collect$$libshutdown$$00000006      0x08000186   Section        0  libshutdown2.o(.ARM.Collect$$libshutdown$$00000006)
    .ARM.Collect$$libshutdown$$00000009      0x08000186   Section        0  libshutdown2.o(.ARM.Collect$$libshutdown$$00000009)
    .ARM.Collect$$libshutdown$$0000000B      0x08000186   Section        0  libshutdown2.o(.ARM.Collect$$libshutdown$$0000000B)
    .ARM.Collect$$libshutdown$$0000000E      0x08000186   Section        0  libshutdown2.o(.ARM.Collect$$libshutdown$$0000000E)
    .ARM.Collect$$libshutdown$$0000000F      0x08000186   Section        2  libshutdown2.o(.ARM.Collect$$libshutdown$$0000000F)
    .ARM.Collect$$rtentry$$00000000          0x08000188   Section        0  __rtentry.o(.ARM.Collect$$rtentry$$00000000)
    .ARM.Collect$$rtentry$$00000002          0x08000188   Section        0  __rtentry2.o(.ARM.Collect$$rtentry$$00000002)
    .ARM.Collect$$rtentry$$00000004          0x08000188   Section        6  __rtentry4.o(.ARM.Collect$$rtentry$$00000004)
    .ARM.Collect$$rtentry$$00000009          0x0800018e   Section        0  __rtentry2.o(.ARM.Collect$$rtentry$$00000009)
    .ARM.Collect$$rtentry$$0000000A          0x0800018e   Section        4  __rtentry2.o(.ARM.Collect$$rtentry$$0000000A)
    .ARM.Collect$$rtentry$$0000000C          0x08000192   Section        0  __rtentry2.o(.ARM.Collect$$rtentry$$0000000C)
    .ARM.Collect$$rtentry$$0000000D          0x08000192   Section        8  __rtentry2.o(.ARM.Collect$$rtentry$$0000000D)
    .ARM.Collect$$rtexit$$00000000           0x0800019a   Section        2  rtexit.o(.ARM.Collect$$rtexit$$00000000)
    .ARM.Collect$$rtexit$$00000002           0x0800019c   Section        0  rtexit2.o(.ARM.Collect$$rtexit$$00000002)
    .ARM.Collect$$rtexit$$00000003           0x0800019c   Section        4  rtexit2.o(.ARM.Collect$$rtexit$$00000003)
    .ARM.Collect$$rtexit$$00000004           0x080001a0   Section        6  rtexit2.o(.ARM.Collect$$rtexit$$00000004)
    .text                                    0x080001a8   Section        0  main.o(.text)
    .text                                    0x08000698   Section        0  stm32f10x_it.o(.text)
    .text                                    0x080006b4   Section        0  system_stm32f10x.o(.text)
    SetSysClockTo72                          0x080006b5   Thumb Code   214  system_stm32f10x.o(.text)
    SetSysClock                              0x0800078b   Thumb Code     8  system_stm32f10x.o(.text)
    .text                                    0x08000894   Section        0  dht11.o(.text)
    .text                                    0x08000a78   Section        0  usartt.o(.text)
    .text                                    0x08000c54   Section        0  led.o(.text)
    .text                                    0x08000c88   Section        0  myiic.o(.text)
    .text                                    0x0800100c   Section        0  max30102.o(.text)
    .text                                    0x08001304   Section        0  algorithm.o(.text)
    .text                                    0x080019a8   Section        0  oled.o(.text)
    .text                                    0x08001e70   Section        0  delay.o(.text)
    .text                                    0x08001f44   Section        0  sys.o(.text)
    .text                                    0x08001f50   Section       64  startup_stm32f10x_md.o(.text)
    .text                                    0x08001f90   Section        0  stm32f10x_gpio.o(.text)
    .text                                    0x080022ec   Section        0  stm32f10x_rcc.o(.text)
    .text                                    0x08002690   Section        0  stm32f10x_usart.o(.text)
    .text                                    0x08002a98   Section        0  misc.o(.text)
    .text                                    0x08002b74   Section        2  use_no_semi_2.o(.text)
    .text                                    0x08002b78   Section        0  noretval__2printf.o(.text)
    .text                                    0x08002b90   Section        0  noretval__2sprintf.o(.text)
    .text                                    0x08002bb8   Section        0  _printf_pad.o(.text)
    .text                                    0x08002c08   Section        0  _printf_dec.o(.text)
    .text                                    0x08002c80   Section        0  __printf_wp.o(.text)
    .text                                    0x08002d8e   Section        0  heapauxi.o(.text)
    .text                                    0x08002d94   Section        2  use_no_semi.o(.text)
    .text                                    0x08002d96   Section        0  _printf_intcommon.o(.text)
    .text                                    0x08002e48   Section        0  _printf_fp_dec.o(.text)
    _fp_digits                               0x08002e4b   Thumb Code   428  _printf_fp_dec.o(.text)
    .text                                    0x08003264   Section        0  _printf_char_common.o(.text)
    _printf_input_char                       0x08003265   Thumb Code    10  _printf_char_common.o(.text)
    .text                                    0x08003294   Section        0  _sputc.o(.text)
    .text                                    0x080032a0   Section        0  _printf_char_file.o(.text)
    .text                                    0x080032c4   Section        8  rt_locale_intlibspace.o(.text)
    .text                                    0x080032cc   Section      138  lludiv10.o(.text)
    .text                                    0x08003358   Section        0  _printf_fp_infnan.o(.text)
    .text                                    0x080033d8   Section        0  bigflt0.o(.text)
    .text                                    0x080034b4   Section        0  ferror.o(.text)
    .text                                    0x080034bc   Section        8  libspace.o(.text)
    .text                                    0x080034c4   Section       74  sys_stackheap_outer.o(.text)
    .text                                    0x0800350e   Section        0  exit.o(.text)
    .text                                    0x0800351c   Section      128  strcmpv7m.o(.text)
    CL$$btod_d2e                             0x0800359c   Section       62  btod.o(CL$$btod_d2e)
    CL$$btod_d2e_denorm_low                  0x080035da   Section       70  btod.o(CL$$btod_d2e_denorm_low)
    CL$$btod_d2e_norm_op1                    0x08003620   Section       96  btod.o(CL$$btod_d2e_norm_op1)
    CL$$btod_div_common                      0x08003680   Section      824  btod.o(CL$$btod_div_common)
    CL$$btod_e2e                             0x080039b8   Section      198  btod.o(CL$$btod_e2e)
    CL$$btod_ediv                            0x08003a7e   Section       40  btod.o(CL$$btod_ediv)
    CL$$btod_emul                            0x08003aa6   Section       40  btod.o(CL$$btod_emul)
    CL$$btod_mult_common                     0x08003ace   Section      580  btod.o(CL$$btod_mult_common)
    i.__ARM_fpclassify                       0x08003d12   Section        0  fpclassify.o(i.__ARM_fpclassify)
    i._is_digit                              0x08003d3a   Section        0  __printf_wp.o(i._is_digit)
    locale$$code                             0x08003d48   Section       44  lc_numeric_c.o(locale$$code)
    x$fpl$d2f                                0x08003d74   Section       98  d2f.o(x$fpl$d2f)
    x$fpl$dadd                               0x08003dd8   Section      336  daddsub_clz.o(x$fpl$dadd)
    _dadd1                                   0x08003de9   Thumb Code     0  daddsub_clz.o(x$fpl$dadd)
    x$fpl$dfltu                              0x08003f28   Section       38  dflt_clz.o(x$fpl$dfltu)
    x$fpl$dmul                               0x08003f50   Section      340  dmul.o(x$fpl$dmul)
    x$fpl$dnaninf                            0x080040a4   Section      156  dnaninf.o(x$fpl$dnaninf)
    x$fpl$dretinf                            0x08004140   Section       12  dretinf.o(x$fpl$dretinf)
    x$fpl$dsub                               0x0800414c   Section      468  daddsub_clz.o(x$fpl$dsub)
    _dsub1                                   0x0800415d   Thumb Code     0  daddsub_clz.o(x$fpl$dsub)
    x$fpl$f2d                                0x08004320   Section       86  f2d.o(x$fpl$f2d)
    x$fpl$fdiv                               0x08004378   Section      388  fdiv.o(x$fpl$fdiv)
    _fdiv1                                   0x08004379   Thumb Code     0  fdiv.o(x$fpl$fdiv)
    x$fpl$ffix                               0x080044fc   Section       54  ffix.o(x$fpl$ffix)
    x$fpl$ffltu                              0x08004534   Section       38  fflt_clz.o(x$fpl$ffltu)
    x$fpl$fmul                               0x0800455c   Section      258  fmul.o(x$fpl$fmul)
    x$fpl$fnaninf                            0x0800465e   Section      140  fnaninf.o(x$fpl$fnaninf)
    x$fpl$fretinf                            0x080046ea   Section       10  fretinf.o(x$fpl$fretinf)
    x$fpl$printf1                            0x080046f4   Section        4  printf1.o(x$fpl$printf1)
    .constdata                               0x080046f8   Section      246  algorithm.o(.constdata)
    x$fpl$usenofp                            0x080046f8   Section        0  usenofp.o(x$fpl$usenofp)
    .constdata                               0x080047ee   Section     6080  oled.o(.constdata)
    .constdata                               0x08005fb0   Section      148  bigflt0.o(.constdata)
    tenpwrs_x                                0x08005fb0   Data          60  bigflt0.o(.constdata)
    tenpwrs_i                                0x08005fec   Data          64  bigflt0.o(.constdata)
    .conststring                             0x08006044   Section      546  main.o(.conststring)
    locale$$data                             0x08006288   Section       28  lc_numeric_c.o(locale$$data)
    __lcnum_c_name                           0x0800628c   Data           2  lc_numeric_c.o(locale$$data)
    __lcnum_c_start                          0x08006294   Data           0  lc_numeric_c.o(locale$$data)
    __lcnum_c_point                          0x080062a0   Data           0  lc_numeric_c.o(locale$$data)
    __lcnum_c_thousands                      0x080062a2   Data           0  lc_numeric_c.o(locale$$data)
    __lcnum_c_grouping                       0x080062a3   Data           0  lc_numeric_c.o(locale$$data)
    __lcnum_c_end                            0x080062a4   Data           0  lc_numeric_c.o(locale$$data)
    .data                                    0x20000000   Section       32  main.o(.data)
    .data                                    0x20000020   Section       20  system_stm32f10x.o(.data)
    .data                                    0x20000034   Section        4  usartt.o(.data)
    .data                                    0x20000038   Section        4  delay.o(.data)
    fac_us                                   0x20000038   Data           1  delay.o(.data)
    fac_ms                                   0x2000003a   Data           2  delay.o(.data)
    .data                                    0x2000003c   Section       20  stm32f10x_rcc.o(.data)
    APBAHBPrescTable                         0x2000003c   Data          16  stm32f10x_rcc.o(.data)
    ADCPrescTable                            0x2000004c   Data           4  stm32f10x_rcc.o(.data)
    .bss                                     0x20000050   Section     4000  main.o(.bss)
    .bss                                     0x20000ff0   Section     5984  algorithm.o(.bss)
    an_dx                                    0x20000ff0   Data        1984  algorithm.o(.bss)
    an_x                                     0x200017b0   Data        2000  algorithm.o(.bss)
    an_y                                     0x20001f80   Data        2000  algorithm.o(.bss)
    .bss                                     0x20002750   Section     1024  oled.o(.bss)
    .bss                                     0x20002b50   Section       96  libspace.o(.bss)
    HEAP                                     0x20002bb0   Section      512  startup_stm32f10x_md.o(HEAP)
    Heap_Mem                                 0x20002bb0   Data         512  startup_stm32f10x_md.o(HEAP)
    STACK                                    0x20002db0   Section     1024  startup_stm32f10x_md.o(STACK)
    Stack_Mem                                0x20002db0   Data        1024  startup_stm32f10x_md.o(STACK)
    __initial_sp                             0x200031b0   Data           0  startup_stm32f10x_md.o(STACK)

    Global Symbols

    Symbol Name                              Value     Ov Type        Size  Object(Section)

    BuildAttributes$$THM_ISAv4$P$D$K$B$S$PE$A:L22UL41UL21$X:L11$S22US41US21$IEEE1$IW$USESV6$~STKCKD$USESV7$~SHL$OTIME$ROPI$IEEEJ$EBA8$UX$STANDARDLIB$REQ8$PRES8$EABIv2 0x00000000   Number         0  anon$$obj.o ABSOLUTE
    __ARM_use_no_argv                        0x00000000   Number         0  main.o ABSOLUTE
    _printf_flags                            0x00000000   Number         0  printf_stubs.o ABSOLUTE
    _printf_return_value                     0x00000000   Number         0  printf_stubs.o ABSOLUTE
    _printf_sizespec                         0x00000000   Number         0  printf_stubs.o ABSOLUTE
    _printf_widthprec                        0x00000000   Number         0  printf_stubs.o ABSOLUTE
    __ARM_exceptions_init                     - Undefined Weak Reference
    __alloca_initialize                       - Undefined Weak Reference
    __arm_preinit_                            - Undefined Weak Reference
    __cpp_initialize__aeabi_                  - Undefined Weak Reference
    __cxa_finalize                            - Undefined Weak Reference
    __sigvec_lookup                           - Undefined Weak Reference
    _atexit_init                              - Undefined Weak Reference
    _call_atexit_fns                          - Undefined Weak Reference
    _clock_init                               - Undefined Weak Reference
    _fp_trap_init                             - Undefined Weak Reference
    _fp_trap_shutdown                         - Undefined Weak Reference
    _get_lc_collate                           - Undefined Weak Reference
    _get_lc_ctype                             - Undefined Weak Reference
    _get_lc_monetary                          - Undefined Weak Reference
    _get_lc_time                              - Undefined Weak Reference
    _getenv_init                              - Undefined Weak Reference
    _handle_redirection                       - Undefined Weak Reference
    _init_alloc                               - Undefined Weak Reference
    _init_user_alloc                          - Undefined Weak Reference
    _initio                                   - Undefined Weak Reference
    _mutex_acquire                            - Undefined Weak Reference
    _mutex_release                            - Undefined Weak Reference
    _printf_truncate_signed                   - Undefined Weak Reference
    _printf_truncate_unsigned                 - Undefined Weak Reference
    _rand_init                                - Undefined Weak Reference
    _signal_finish                            - Undefined Weak Reference
    _signal_init                              - Undefined Weak Reference
    _terminate_alloc                          - Undefined Weak Reference
    _terminate_user_alloc                     - Undefined Weak Reference
    _terminateio                              - Undefined Weak Reference
    __Vectors_Size                           0x000000ec   Number         0  startup_stm32f10x_md.o ABSOLUTE
    __Vectors                                0x08000000   Data           4  startup_stm32f10x_md.o(RESET)
    __Vectors_End                            0x080000ec   Data           0  startup_stm32f10x_md.o(RESET)
    __main                                   0x080000ed   Thumb Code     8  __main.o(!!!main)
    __scatterload                            0x080000f5   Thumb Code     0  __scatter.o(!!!scatter)
    __scatterload_rt2                        0x080000f5   Thumb Code    44  __scatter.o(!!!scatter)
    __scatterload_rt2_thumb_only             0x080000f5   Thumb Code     0  __scatter.o(!!!scatter)
    __scatterload_null                       0x08000103   Thumb Code     0  __scatter.o(!!!scatter)
    __scatterload_copy                       0x08000129   Thumb Code    26  __scatter_copy.o(!!handler_copy)
    __scatterload_zeroinit                   0x08000145   Thumb Code    28  __scatter_zi.o(!!handler_zi)
    _printf_f                                0x08000161   Thumb Code     0  _printf_f.o(.ARM.Collect$$_printf_percent$$00000003)
    _printf_percent                          0x08000161   Thumb Code     0  _printf_percent.o(.ARM.Collect$$_printf_percent$$00000000)
    _printf_d                                0x08000167   Thumb Code     0  _printf_d.o(.ARM.Collect$$_printf_percent$$00000009)
    _printf_percent_end                      0x0800016d   Thumb Code     0  _printf_percent_end.o(.ARM.Collect$$_printf_percent$$00000017)
    __rt_lib_init                            0x08000171   Thumb Code     0  libinit.o(.ARM.Collect$$libinit$$00000000)
    __rt_lib_init_fp_1                       0x08000173   Thumb Code     0  libinit2.o(.ARM.Collect$$libinit$$00000002)
    __rt_lib_init_heap_1                     0x08000173   Thumb Code     0  libinit2.o(.ARM.Collect$$libinit$$0000000A)
    __rt_lib_init_lc_common                  0x08000173   Thumb Code     0  libinit2.o(.ARM.Collect$$libinit$$0000000F)
    __rt_lib_init_preinit_1                  0x08000173   Thumb Code     0  libinit2.o(.ARM.Collect$$libinit$$00000004)
    __rt_lib_init_rand_1                     0x08000173   Thumb Code     0  libinit2.o(.ARM.Collect$$libinit$$0000000E)
    __rt_lib_init_user_alloc_1               0x08000173   Thumb Code     0  libinit2.o(.ARM.Collect$$libinit$$0000000C)
    __rt_lib_init_lc_collate_1               0x08000179   Thumb Code     0  libinit2.o(.ARM.Collect$$libinit$$00000011)
    __rt_lib_init_lc_ctype_1                 0x08000179   Thumb Code     0  libinit2.o(.ARM.Collect$$libinit$$00000013)
    __rt_lib_init_lc_monetary_1              0x08000179   Thumb Code     0  libinit2.o(.ARM.Collect$$libinit$$00000015)
    __rt_lib_init_lc_numeric_2               0x08000179   Thumb Code     0  libinit2.o(.ARM.Collect$$libinit$$00000016)
    __rt_lib_init_alloca_1                   0x08000183   Thumb Code     0  libinit2.o(.ARM.Collect$$libinit$$0000002E)
    __rt_lib_init_argv_1                     0x08000183   Thumb Code     0  libinit2.o(.ARM.Collect$$libinit$$0000002C)
    __rt_lib_init_atexit_1                   0x08000183   Thumb Code     0  libinit2.o(.ARM.Collect$$libinit$$0000001B)
    __rt_lib_init_clock_1                    0x08000183   Thumb Code     0  libinit2.o(.ARM.Collect$$libinit$$00000021)
    __rt_lib_init_cpp_1                      0x08000183   Thumb Code     0  libinit2.o(.ARM.Collect$$libinit$$00000032)
    __rt_lib_init_exceptions_1               0x08000183   Thumb Code     0  libinit2.o(.ARM.Collect$$libinit$$00000030)
    __rt_lib_init_fp_trap_1                  0x08000183   Thumb Code     0  libinit2.o(.ARM.Collect$$libinit$$0000001F)
    __rt_lib_init_getenv_1                   0x08000183   Thumb Code     0  libinit2.o(.ARM.Collect$$libinit$$00000023)
    __rt_lib_init_lc_numeric_1               0x08000183   Thumb Code     0  libinit2.o(.ARM.Collect$$libinit$$00000017)
    __rt_lib_init_lc_time_1                  0x08000183   Thumb Code     0  libinit2.o(.ARM.Collect$$libinit$$00000019)
    __rt_lib_init_return                     0x08000183   Thumb Code     0  libinit2.o(.ARM.Collect$$libinit$$00000033)
    __rt_lib_init_signal_1                   0x08000183   Thumb Code     0  libinit2.o(.ARM.Collect$$libinit$$0000001D)
    __rt_lib_init_stdio_1                    0x08000183   Thumb Code     0  libinit2.o(.ARM.Collect$$libinit$$00000025)
    __rt_lib_shutdown                        0x08000185   Thumb Code     0  libshutdown.o(.ARM.Collect$$libshutdown$$00000000)
    __rt_lib_shutdown_fp_trap_1              0x08000187   Thumb Code     0  libshutdown2.o(.ARM.Collect$$libshutdown$$00000006)
    __rt_lib_shutdown_heap_1                 0x08000187   Thumb Code     0  libshutdown2.o(.ARM.Collect$$libshutdown$$0000000E)
    __rt_lib_shutdown_return                 0x08000187   Thumb Code     0  libshutdown2.o(.ARM.Collect$$libshutdown$$0000000F)
    __rt_lib_shutdown_signal_1               0x08000187   Thumb Code     0  libshutdown2.o(.ARM.Collect$$libshutdown$$00000009)
    __rt_lib_shutdown_stdio_1                0x08000187   Thumb Code     0  libshutdown2.o(.ARM.Collect$$libshutdown$$00000003)
    __rt_lib_shutdown_user_alloc_1           0x08000187   Thumb Code     0  libshutdown2.o(.ARM.Collect$$libshutdown$$0000000B)
    __rt_entry                               0x08000189   Thumb Code     0  __rtentry.o(.ARM.Collect$$rtentry$$00000000)
    __rt_entry_presh_1                       0x08000189   Thumb Code     0  __rtentry2.o(.ARM.Collect$$rtentry$$00000002)
    __rt_entry_sh                            0x08000189   Thumb Code     0  __rtentry4.o(.ARM.Collect$$rtentry$$00000004)
    __rt_entry_li                            0x0800018f   Thumb Code     0  __rtentry2.o(.ARM.Collect$$rtentry$$0000000A)
    __rt_entry_postsh_1                      0x0800018f   Thumb Code     0  __rtentry2.o(.ARM.Collect$$rtentry$$00000009)
    __rt_entry_main                          0x08000193   Thumb Code     0  __rtentry2.o(.ARM.Collect$$rtentry$$0000000D)
    __rt_entry_postli_1                      0x08000193   Thumb Code     0  __rtentry2.o(.ARM.Collect$$rtentry$$0000000C)
    __rt_exit                                0x0800019b   Thumb Code     0  rtexit.o(.ARM.Collect$$rtexit$$00000000)
    __rt_exit_ls                             0x0800019d   Thumb Code     0  rtexit2.o(.ARM.Collect$$rtexit$$00000003)
    __rt_exit_prels_1                        0x0800019d   Thumb Code     0  rtexit2.o(.ARM.Collect$$rtexit$$00000002)
    __rt_exit_exit                           0x080001a1   Thumb Code     0  rtexit2.o(.ARM.Collect$$rtexit$$00000004)
    dis_DrawCurve                            0x080001a9   Thumb Code   126  main.o(.text)
    DHT11_DATA_upload                        0x08000227   Thumb Code   126  main.o(.text)
    main                                     0x080002a5   Thumb Code   830  main.o(.text)
    NMI_Handler                              0x08000699   Thumb Code     2  stm32f10x_it.o(.text)
    HardFault_Handler                        0x0800069b   Thumb Code     4  stm32f10x_it.o(.text)
    MemManage_Handler                        0x0800069f   Thumb Code     4  stm32f10x_it.o(.text)
    BusFault_Handler                         0x080006a3   Thumb Code     4  stm32f10x_it.o(.text)
    UsageFault_Handler                       0x080006a7   Thumb Code     4  stm32f10x_it.o(.text)
    SVC_Handler                              0x080006ab   Thumb Code     2  stm32f10x_it.o(.text)
    DebugMon_Handler                         0x080006ad   Thumb Code     2  stm32f10x_it.o(.text)
    PendSV_Handler                           0x080006af   Thumb Code     2  stm32f10x_it.o(.text)
    SysTick_Handler                          0x080006b1   Thumb Code     2  stm32f10x_it.o(.text)
    SystemInit                               0x08000793   Thumb Code    78  system_stm32f10x.o(.text)
    SystemCoreClockUpdate                    0x080007e1   Thumb Code   142  system_stm32f10x.o(.text)
    delay_us1                                0x08000895   Thumb Code    30  dht11.o(.text)
    delay_ms1                                0x080008b3   Thumb Code    32  dht11.o(.text)
    DHT11_Rst                                0x080008d3   Thumb Code    52  dht11.o(.text)
    DHT11_Check                              0x08000907   Thumb Code    88  dht11.o(.text)
    DHT11_Read_Bit                           0x0800095f   Thumb Code    76  dht11.o(.text)
    DHT11_Read_Byte                          0x080009ab   Thumb Code    30  dht11.o(.text)
    DHT11_Read_Data                          0x080009c9   Thumb Code   110  dht11.o(.text)
    DHT11_Init                               0x08000a37   Thumb Code    54  dht11.o(.text)
    USART1_Config                            0x08000a79   Thumb Code   154  usartt.o(.text)
    USART2_Config                            0x08000b13   Thumb Code   158  usartt.o(.text)
    USART1_IRQHandler                        0x08000bb1   Thumb Code    34  usartt.o(.text)
    USART2_IRQHandler                        0x08000bd3   Thumb Code    34  usartt.o(.text)
    _sys_exit                                0x08000bf5   Thumb Code     4  usartt.o(.text)
    fputc                                    0x08000bf9   Thumb Code    24  usartt.o(.text)
    USART_SendData_u8                        0x08000c11   Thumb Code    30  usartt.o(.text)
    USART_SendString                         0x08000c2f   Thumb Code    26  usartt.o(.text)
    LED_Init                                 0x08000c55   Thumb Code    46  led.o(.text)
    IIC_Init                                 0x08000c89   Thumb Code    52  myiic.o(.text)
    IIC_Start                                0x08000cbd   Thumb Code    72  myiic.o(.text)
    IIC_Stop                                 0x08000d05   Thumb Code    66  myiic.o(.text)
    IIC_Wait_Ack                             0x08000d47   Thumb Code    90  myiic.o(.text)
    IIC_Ack                                  0x08000da1   Thumb Code    70  myiic.o(.text)
    IIC_NAck                                 0x08000de7   Thumb Code    70  myiic.o(.text)
    IIC_Send_Byte                            0x08000e2d   Thumb Code    94  myiic.o(.text)
    IIC_Read_Byte                            0x08000e8b   Thumb Code   102  myiic.o(.text)
    IIC_WriteBytes                           0x08000ef1   Thumb Code    60  myiic.o(.text)
    IIC_ReadBytes                            0x08000f2d   Thumb Code    94  myiic.o(.text)
    IIC_Read_One_Byte                        0x08000f8b   Thumb Code    62  myiic.o(.text)
    IIC_Write_One_Byte                       0x08000fc9   Thumb Code    54  myiic.o(.text)
    max30102_Bus_Write                       0x0800100d   Thumb Code    68  max30102.o(.text)
    max30102_Bus_Read                        0x08001051   Thumb Code    82  max30102.o(.text)
    max30102_FIFO_ReadWords                  0x080010a3   Thumb Code   168  max30102.o(.text)
    max30102_FIFO_ReadBytes                  0x0800114b   Thumb Code   128  max30102.o(.text)
    max30102_reset                           0x080011cb   Thumb Code    20  max30102.o(.text)
    max30102_init                            0x080011df   Thumb Code   130  max30102.o(.text)
    maxim_max30102_write_reg                 0x08001261   Thumb Code    18  max30102.o(.text)
    maxim_max30102_read_reg                  0x08001273   Thumb Code    18  max30102.o(.text)
    maxim_max30102_read_fifo                 0x08001285   Thumb Code   124  max30102.o(.text)
    maxim_sort_ascend                        0x08001305   Thumb Code    54  algorithm.o(.text)
    maxim_sort_indices_descend               0x0800133b   Thumb Code    64  algorithm.o(.text)
    maxim_remove_close_peaks                 0x0800137b   Thumb Code   114  algorithm.o(.text)
    maxim_peaks_above_min_height             0x080013ed   Thumb Code   122  algorithm.o(.text)
    maxim_find_peaks                         0x08001467   Thumb Code    66  algorithm.o(.text)
    maxim_heart_rate_and_oxygen_saturation   0x080014a9   Thumb Code  1272  algorithm.o(.text)
    OLED_WR_Byte                             0x080019a9   Thumb Code    84  oled.o(.text)
    OLED_Refresh_Gram                        0x080019fd   Thumb Code    70  oled.o(.text)
    OLED_Display_On                          0x08001a43   Thumb Code    28  oled.o(.text)
    OLED_Display_Off                         0x08001a5f   Thumb Code    28  oled.o(.text)
    OLED_Clear                               0x08001a7b   Thumb Code    42  oled.o(.text)
    OLED_DrawPoint                           0x08001aa5   Thumb Code   100  oled.o(.text)
    OLED_Fill                                0x08001b09   Thumb Code    58  oled.o(.text)
    OLED_ShowChar                            0x08001b43   Thumb Code   254  oled.o(.text)
    mypow                                    0x08001c41   Thumb Code    22  oled.o(.text)
    OLED_ShowNum                             0x08001c57   Thumb Code   148  oled.o(.text)
    OLED_ShowString                          0x08001ceb   Thumb Code    94  oled.o(.text)
    OLED_Init                                0x08001d49   Thumb Code   294  oled.o(.text)
    delay_init                               0x08001e71   Thumb Code    50  delay.o(.text)
    delay_us                                 0x08001ea3   Thumb Code    72  delay.o(.text)
    delay_ms                                 0x08001eeb   Thumb Code    72  delay.o(.text)
    NVIC_Configuration                       0x08001f45   Thumb Code    12  sys.o(.text)
    Reset_Handler                            0x08001f51   Thumb Code     8  startup_stm32f10x_md.o(.text)
    ADC1_2_IRQHandler                        0x08001f6b   Thumb Code     0  startup_stm32f10x_md.o(.text)
    CAN1_RX1_IRQHandler                      0x08001f6b   Thumb Code     0  startup_stm32f10x_md.o(.text)
    CAN1_SCE_IRQHandler                      0x08001f6b   Thumb Code     0  startup_stm32f10x_md.o(.text)
    DMA1_Channel1_IRQHandler                 0x08001f6b   Thumb Code     0  startup_stm32f10x_md.o(.text)
    DMA1_Channel2_IRQHandler                 0x08001f6b   Thumb Code     0  startup_stm32f10x_md.o(.text)
    DMA1_Channel3_IRQHandler                 0x08001f6b   Thumb Code     0  startup_stm32f10x_md.o(.text)
    DMA1_Channel4_IRQHandler                 0x08001f6b   Thumb Code     0  startup_stm32f10x_md.o(.text)
    DMA1_Channel5_IRQHandler                 0x08001f6b   Thumb Code     0  startup_stm32f10x_md.o(.text)
    DMA1_Channel6_IRQHandler                 0x08001f6b   Thumb Code     0  startup_stm32f10x_md.o(.text)
    DMA1_Channel7_IRQHandler                 0x08001f6b   Thumb Code     0  startup_stm32f10x_md.o(.text)
    EXTI0_IRQHandler                         0x08001f6b   Thumb Code     0  startup_stm32f10x_md.o(.text)
    EXTI15_10_IRQHandler                     0x08001f6b   Thumb Code     0  startup_stm32f10x_md.o(.text)
    EXTI1_IRQHandler                         0x08001f6b   Thumb Code     0  startup_stm32f10x_md.o(.text)
    EXTI2_IRQHandler                         0x08001f6b   Thumb Code     0  startup_stm32f10x_md.o(.text)
    EXTI3_IRQHandler                         0x08001f6b   Thumb Code     0  startup_stm32f10x_md.o(.text)
    EXTI4_IRQHandler                         0x08001f6b   Thumb Code     0  startup_stm32f10x_md.o(.text)
    EXTI9_5_IRQHandler                       0x08001f6b   Thumb Code     0  startup_stm32f10x_md.o(.text)
    FLASH_IRQHandler                         0x08001f6b   Thumb Code     0  startup_stm32f10x_md.o(.text)
    I2C1_ER_IRQHandler                       0x08001f6b   Thumb Code     0  startup_stm32f10x_md.o(.text)
    I2C1_EV_IRQHandler                       0x08001f6b   Thumb Code     0  startup_stm32f10x_md.o(.text)
    I2C2_ER_IRQHandler                       0x08001f6b   Thumb Code     0  startup_stm32f10x_md.o(.text)
    I2C2_EV_IRQHandler                       0x08001f6b   Thumb Code     0  startup_stm32f10x_md.o(.text)
    PVD_IRQHandler                           0x08001f6b   Thumb Code     0  startup_stm32f10x_md.o(.text)
    RCC_IRQHandler                           0x08001f6b   Thumb Code     0  startup_stm32f10x_md.o(.text)
    RTCAlarm_IRQHandler                      0x08001f6b   Thumb Code     0  startup_stm32f10x_md.o(.text)
    RTC_IRQHandler                           0x08001f6b   Thumb Code     0  startup_stm32f10x_md.o(.text)
    SPI1_IRQHandler                          0x08001f6b   Thumb Code     0  startup_stm32f10x_md.o(.text)
    SPI2_IRQHandler                          0x08001f6b   Thumb Code     0  startup_stm32f10x_md.o(.text)
    TAMPER_IRQHandler                        0x08001f6b   Thumb Code     0  startup_stm32f10x_md.o(.text)
    TIM1_BRK_IRQHandler                      0x08001f6b   Thumb Code     0  startup_stm32f10x_md.o(.text)
    TIM1_CC_IRQHandler                       0x08001f6b   Thumb Code     0  startup_stm32f10x_md.o(.text)
    TIM1_TRG_COM_IRQHandler                  0x08001f6b   Thumb Code     0  startup_stm32f10x_md.o(.text)
    TIM1_UP_IRQHandler                       0x08001f6b   Thumb Code     0  startup_stm32f10x_md.o(.text)
    TIM2_IRQHandler                          0x08001f6b   Thumb Code     0  startup_stm32f10x_md.o(.text)
    TIM3_IRQHandler                          0x08001f6b   Thumb Code     0  startup_stm32f10x_md.o(.text)
    TIM4_IRQHandler                          0x08001f6b   Thumb Code     0  startup_stm32f10x_md.o(.text)
    USART3_IRQHandler                        0x08001f6b   Thumb Code     0  startup_stm32f10x_md.o(.text)
    USBWakeUp_IRQHandler                     0x08001f6b   Thumb Code     0  startup_stm32f10x_md.o(.text)
    USB_HP_CAN1_TX_IRQHandler                0x08001f6b   Thumb Code     0  startup_stm32f10x_md.o(.text)
    USB_LP_CAN1_RX0_IRQHandler               0x08001f6b   Thumb Code     0  startup_stm32f10x_md.o(.text)
    WWDG_IRQHandler                          0x08001f6b   Thumb Code     0  startup_stm32f10x_md.o(.text)
    __user_initial_stackheap                 0x08001f6d   Thumb Code     0  startup_stm32f10x_md.o(.text)
    GPIO_DeInit                              0x08001f91   Thumb Code   172  stm32f10x_gpio.o(.text)
    GPIO_AFIODeInit                          0x0800203d   Thumb Code    20  stm32f10x_gpio.o(.text)
    GPIO_Init                                0x08002051   Thumb Code   278  stm32f10x_gpio.o(.text)
    GPIO_StructInit                          0x08002167   Thumb Code    16  stm32f10x_gpio.o(.text)
    GPIO_ReadInputDataBit                    0x08002177   Thumb Code    18  stm32f10x_gpio.o(.text)
    GPIO_ReadInputData                       0x08002189   Thumb Code     8  stm32f10x_gpio.o(.text)
    GPIO_ReadOutputDataBit                   0x08002191   Thumb Code    18  stm32f10x_gpio.o(.text)
    GPIO_ReadOutputData                      0x080021a3   Thumb Code     8  stm32f10x_gpio.o(.text)
    GPIO_SetBits                             0x080021ab   Thumb Code     4  stm32f10x_gpio.o(.text)
    GPIO_ResetBits                           0x080021af   Thumb Code     4  stm32f10x_gpio.o(.text)
    GPIO_WriteBit                            0x080021b3   Thumb Code    10  stm32f10x_gpio.o(.text)
    GPIO_Write                               0x080021bd   Thumb Code     4  stm32f10x_gpio.o(.text)
    GPIO_PinLockConfig                       0x080021c1   Thumb Code    18  stm32f10x_gpio.o(.text)
    GPIO_EventOutputConfig                   0x080021d3   Thumb Code    26  stm32f10x_gpio.o(.text)
    GPIO_EventOutputCmd                      0x080021ed   Thumb Code     6  stm32f10x_gpio.o(.text)
    GPIO_PinRemapConfig                      0x080021f3   Thumb Code   138  stm32f10x_gpio.o(.text)
    GPIO_EXTILineConfig                      0x0800227d   Thumb Code    66  stm32f10x_gpio.o(.text)
    GPIO_ETH_MediaInterfaceConfig            0x080022bf   Thumb Code     8  stm32f10x_gpio.o(.text)
    RCC_DeInit                               0x080022ed   Thumb Code    64  stm32f10x_rcc.o(.text)
    RCC_HSEConfig                            0x0800232d   Thumb Code    70  stm32f10x_rcc.o(.text)
    RCC_GetFlagStatus                        0x08002373   Thumb Code    56  stm32f10x_rcc.o(.text)
    RCC_WaitForHSEStartUp                    0x080023ab   Thumb Code    56  stm32f10x_rcc.o(.text)
    RCC_AdjustHSICalibrationValue            0x080023e3   Thumb Code    20  stm32f10x_rcc.o(.text)
    RCC_HSICmd                               0x080023f7   Thumb Code     6  stm32f10x_rcc.o(.text)
    RCC_PLLConfig                            0x080023fd   Thumb Code    24  stm32f10x_rcc.o(.text)
    RCC_PLLCmd                               0x08002415   Thumb Code     6  stm32f10x_rcc.o(.text)
    RCC_SYSCLKConfig                         0x0800241b   Thumb Code    18  stm32f10x_rcc.o(.text)
    RCC_GetSYSCLKSource                      0x0800242d   Thumb Code    10  stm32f10x_rcc.o(.text)
    RCC_HCLKConfig                           0x08002437   Thumb Code    18  stm32f10x_rcc.o(.text)
    RCC_PCLK1Config                          0x08002449   Thumb Code    18  stm32f10x_rcc.o(.text)
    RCC_PCLK2Config                          0x0800245b   Thumb Code    20  stm32f10x_rcc.o(.text)
    RCC_ITConfig                             0x0800246f   Thumb Code    26  stm32f10x_rcc.o(.text)
    RCC_USBCLKConfig                         0x08002489   Thumb Code     8  stm32f10x_rcc.o(.text)
    RCC_ADCCLKConfig                         0x08002491   Thumb Code    18  stm32f10x_rcc.o(.text)
    RCC_LSEConfig                            0x080024a3   Thumb Code    50  stm32f10x_rcc.o(.text)
    RCC_LSICmd                               0x080024d5   Thumb Code     6  stm32f10x_rcc.o(.text)
    RCC_RTCCLKConfig                         0x080024db   Thumb Code    12  stm32f10x_rcc.o(.text)
    RCC_RTCCLKCmd                            0x080024e7   Thumb Code     8  stm32f10x_rcc.o(.text)
    RCC_GetClocksFreq                        0x080024ef   Thumb Code   192  stm32f10x_rcc.o(.text)
    RCC_AHBPeriphClockCmd                    0x080025af   Thumb Code    26  stm32f10x_rcc.o(.text)
    RCC_APB2PeriphClockCmd                   0x080025c9   Thumb Code    26  stm32f10x_rcc.o(.text)
    RCC_APB1PeriphClockCmd                   0x080025e3   Thumb Code    26  stm32f10x_rcc.o(.text)
    RCC_APB2PeriphResetCmd                   0x080025fd   Thumb Code    26  stm32f10x_rcc.o(.text)
    RCC_APB1PeriphResetCmd                   0x08002617   Thumb Code    26  stm32f10x_rcc.o(.text)
    RCC_BackupResetCmd                       0x08002631   Thumb Code     8  stm32f10x_rcc.o(.text)
    RCC_ClockSecuritySystemCmd               0x08002639   Thumb Code     6  stm32f10x_rcc.o(.text)
    RCC_MCOConfig                            0x0800263f   Thumb Code     6  stm32f10x_rcc.o(.text)
    RCC_ClearFlag                            0x08002645   Thumb Code    14  stm32f10x_rcc.o(.text)
    RCC_GetITStatus                          0x08002653   Thumb Code    20  stm32f10x_rcc.o(.text)
    RCC_ClearITPendingBit                    0x08002667   Thumb Code     6  stm32f10x_rcc.o(.text)
    USART_DeInit                             0x08002691   Thumb Code   134  stm32f10x_usart.o(.text)
    USART_Init                               0x08002717   Thumb Code   210  stm32f10x_usart.o(.text)
    USART_StructInit                         0x080027e9   Thumb Code    24  stm32f10x_usart.o(.text)
    USART_ClockInit                          0x08002801   Thumb Code    34  stm32f10x_usart.o(.text)
    USART_ClockStructInit                    0x08002823   Thumb Code    12  stm32f10x_usart.o(.text)
    USART_Cmd                                0x0800282f   Thumb Code    24  stm32f10x_usart.o(.text)
    USART_ITConfig                           0x08002847   Thumb Code    74  stm32f10x_usart.o(.text)
    USART_DMACmd                             0x08002891   Thumb Code    18  stm32f10x_usart.o(.text)
    USART_SetAddress                         0x080028a3   Thumb Code    18  stm32f10x_usart.o(.text)
    USART_WakeUpConfig                       0x080028b5   Thumb Code    18  stm32f10x_usart.o(.text)
    USART_ReceiverWakeUpCmd                  0x080028c7   Thumb Code    24  stm32f10x_usart.o(.text)
    USART_LINBreakDetectLengthConfig         0x080028df   Thumb Code    18  stm32f10x_usart.o(.text)
    USART_LINCmd                             0x080028f1   Thumb Code    24  stm32f10x_usart.o(.text)
    USART_SendData                           0x08002909   Thumb Code     8  stm32f10x_usart.o(.text)
    USART_ReceiveData                        0x08002911   Thumb Code    10  stm32f10x_usart.o(.text)
    USART_SendBreak                          0x0800291b   Thumb Code    10  stm32f10x_usart.o(.text)
    USART_SetGuardTime                       0x08002925   Thumb Code    16  stm32f10x_usart.o(.text)
    USART_SetPrescaler                       0x08002935   Thumb Code    16  stm32f10x_usart.o(.text)
    USART_SmartCardCmd                       0x08002945   Thumb Code    24  stm32f10x_usart.o(.text)
    USART_SmartCardNACKCmd                   0x0800295d   Thumb Code    24  stm32f10x_usart.o(.text)
    USART_HalfDuplexCmd                      0x08002975   Thumb Code    24  stm32f10x_usart.o(.text)
    USART_OverSampling8Cmd                   0x0800298d   Thumb Code    22  stm32f10x_usart.o(.text)
    USART_OneBitMethodCmd                    0x080029a3   Thumb Code    24  stm32f10x_usart.o(.text)
    USART_IrDAConfig                         0x080029bb   Thumb Code    18  stm32f10x_usart.o(.text)
    USART_IrDACmd                            0x080029cd   Thumb Code    24  stm32f10x_usart.o(.text)
    USART_GetFlagStatus                      0x080029e5   Thumb Code    26  stm32f10x_usart.o(.text)
    USART_ClearFlag                          0x080029ff   Thumb Code    18  stm32f10x_usart.o(.text)
    USART_GetITStatus                        0x08002a11   Thumb Code    84  stm32f10x_usart.o(.text)
    USART_ClearITPendingBit                  0x08002a65   Thumb Code    52  stm32f10x_usart.o(.text)
    NVIC_PriorityGroupConfig                 0x08002a99   Thumb Code    10  misc.o(.text)
    NVIC_Init                                0x08002aa3   Thumb Code   100  misc.o(.text)
    NVIC_SetVectorTable                      0x08002b07   Thumb Code    14  misc.o(.text)
    NVIC_SystemLPConfig                      0x08002b15   Thumb Code    34  misc.o(.text)
    SysTick_CLKSourceConfig                  0x08002b37   Thumb Code    40  misc.o(.text)
    __use_no_semihosting                     0x08002b75   Thumb Code     2  use_no_semi_2.o(.text)
    __2printf                                0x08002b79   Thumb Code    20  noretval__2printf.o(.text)
    __2sprintf                               0x08002b91   Thumb Code    34  noretval__2sprintf.o(.text)
    _printf_pre_padding                      0x08002bb9   Thumb Code    44  _printf_pad.o(.text)
    _printf_post_padding                     0x08002be5   Thumb Code    34  _printf_pad.o(.text)
    _printf_int_dec                          0x08002c09   Thumb Code   104  _printf_dec.o(.text)
    __printf                                 0x08002c81   Thumb Code   270  __printf_wp.o(.text)
    __use_two_region_memory                  0x08002d8f   Thumb Code     2  heapauxi.o(.text)
    __rt_heap_escrow$2region                 0x08002d91   Thumb Code     2  heapauxi.o(.text)
    __rt_heap_expand$2region                 0x08002d93   Thumb Code     2  heapauxi.o(.text)
    __I$use$semihosting                      0x08002d95   Thumb Code     0  use_no_semi.o(.text)
    __use_no_semihosting_swi                 0x08002d95   Thumb Code     2  use_no_semi.o(.text)
    _printf_int_common                       0x08002d97   Thumb Code   178  _printf_intcommon.o(.text)
    __lib_sel_fp_printf                      0x08002e49   Thumb Code     2  _printf_fp_dec.o(.text)
    _printf_fp_dec_real                      0x08002ff7   Thumb Code   620  _printf_fp_dec.o(.text)
    _printf_char_common                      0x0800326f   Thumb Code    32  _printf_char_common.o(.text)
    _sputc                                   0x08003295   Thumb Code    10  _sputc.o(.text)
    _printf_char_file                        0x080032a1   Thumb Code    32  _printf_char_file.o(.text)
    __rt_locale                              0x080032c5   Thumb Code     8  rt_locale_intlibspace.o(.text)
    _ll_udiv10                               0x080032cd   Thumb Code   138  lludiv10.o(.text)
    _printf_fp_infnan                        0x08003359   Thumb Code   112  _printf_fp_infnan.o(.text)
    _btod_etento                             0x080033d9   Thumb Code   216  bigflt0.o(.text)
    ferror                                   0x080034b5   Thumb Code     8  ferror.o(.text)
    __user_libspace                          0x080034bd   Thumb Code     8  libspace.o(.text)
    __user_perproc_libspace                  0x080034bd   Thumb Code     0  libspace.o(.text)
    __user_perthread_libspace                0x080034bd   Thumb Code     0  libspace.o(.text)
    __user_setup_stackheap                   0x080034c5   Thumb Code    74  sys_stackheap_outer.o(.text)
    exit                                     0x0800350f   Thumb Code    12  exit.o(.text)
    strcmp                                   0x0800351d   Thumb Code   128  strcmpv7m.o(.text)
    _btod_d2e                                0x0800359d   Thumb Code    62  btod.o(CL$$btod_d2e)
    _d2e_denorm_low                          0x080035db   Thumb Code    70  btod.o(CL$$btod_d2e_denorm_low)
    _d2e_norm_op1                            0x08003621   Thumb Code    96  btod.o(CL$$btod_d2e_norm_op1)
    __btod_div_common                        0x08003681   Thumb Code   696  btod.o(CL$$btod_div_common)
    _e2e                                     0x080039b9   Thumb Code   198  btod.o(CL$$btod_e2e)
    _btod_ediv                               0x08003a7f   Thumb Code    40  btod.o(CL$$btod_ediv)
    _btod_emul                               0x08003aa7   Thumb Code    40  btod.o(CL$$btod_emul)
    __btod_mult_common                       0x08003acf   Thumb Code   580  btod.o(CL$$btod_mult_common)
    __ARM_fpclassify                         0x08003d13   Thumb Code    40  fpclassify.o(i.__ARM_fpclassify)
    _is_digit                                0x08003d3b   Thumb Code    14  __printf_wp.o(i._is_digit)
    _get_lc_numeric                          0x08003d49   Thumb Code    44  lc_numeric_c.o(locale$$code)
    __aeabi_d2f                              0x08003d75   Thumb Code     0  d2f.o(x$fpl$d2f)
    _d2f                                     0x08003d75   Thumb Code    98  d2f.o(x$fpl$d2f)
    __aeabi_dadd                             0x08003dd9   Thumb Code     0  daddsub_clz.o(x$fpl$dadd)
    _dadd                                    0x08003dd9   Thumb Code   332  daddsub_clz.o(x$fpl$dadd)
    __aeabi_ui2d                             0x08003f29   Thumb Code     0  dflt_clz.o(x$fpl$dfltu)
    _dfltu                                   0x08003f29   Thumb Code    38  dflt_clz.o(x$fpl$dfltu)
    __aeabi_dmul                             0x08003f51   Thumb Code     0  dmul.o(x$fpl$dmul)
    _dmul                                    0x08003f51   Thumb Code   332  dmul.o(x$fpl$dmul)
    __fpl_dnaninf                            0x080040a5   Thumb Code   156  dnaninf.o(x$fpl$dnaninf)
    __fpl_dretinf                            0x08004141   Thumb Code    12  dretinf.o(x$fpl$dretinf)
    __aeabi_dsub                             0x0800414d   Thumb Code     0  daddsub_clz.o(x$fpl$dsub)
    _dsub                                    0x0800414d   Thumb Code   464  daddsub_clz.o(x$fpl$dsub)
    __aeabi_f2d                              0x08004321   Thumb Code     0  f2d.o(x$fpl$f2d)
    _f2d                                     0x08004321   Thumb Code    86  f2d.o(x$fpl$f2d)
    __aeabi_fdiv                             0x08004379   Thumb Code     0  fdiv.o(x$fpl$fdiv)
    _fdiv                                    0x08004379   Thumb Code   384  fdiv.o(x$fpl$fdiv)
    __aeabi_f2iz                             0x080044fd   Thumb Code     0  ffix.o(x$fpl$ffix)
    _ffix                                    0x080044fd   Thumb Code    54  ffix.o(x$fpl$ffix)
    __aeabi_ui2f                             0x08004535   Thumb Code     0  fflt_clz.o(x$fpl$ffltu)
    _ffltu                                   0x08004535   Thumb Code    38  fflt_clz.o(x$fpl$ffltu)
    __aeabi_fmul                             0x0800455d   Thumb Code     0  fmul.o(x$fpl$fmul)
    _fmul                                    0x0800455d   Thumb Code   258  fmul.o(x$fpl$fmul)
    __fpl_fnaninf                            0x0800465f   Thumb Code   140  fnaninf.o(x$fpl$fnaninf)
    __fpl_fretinf                            0x080046eb   Thumb Code    10  fretinf.o(x$fpl$fretinf)
    _printf_fp_dec                           0x080046f5   Thumb Code     4  printf1.o(x$fpl$printf1)
    __I$use$fp                               0x080046f8   Number         0  usenofp.o(x$fpl$usenofp)
    auw_hamm                                 0x080046f8   Data          62  algorithm.o(.constdata)
    uch_spo2_table                           0x08004736   Data         184  algorithm.o(.constdata)
    asc2_1206                                0x080047ee   Data        1140  oled.o(.constdata)
    asc2_1608                                0x08004c62   Data        1520  oled.o(.constdata)
    asc2_2412                                0x08005252   Data        3420  oled.o(.constdata)
    Region$$Table$$Base                      0x08006268   Number         0  anon$$obj.o(Region$$Table)
    Region$$Table$$Limit                     0x08006288   Number         0  anon$$obj.o(Region$$Table)
    n_ir_buffer_length                       0x20000000   Data           4  main.o(.data)
    n_sp02                                   0x20000004   Data           4  main.o(.data)
    ch_spo2_valid                            0x20000008   Data           1  main.o(.data)
    n_heart_rate                             0x2000000c   Data           4  main.o(.data)
    ch_hr_valid                              0x20000010   Data           1  main.o(.data)
    uch_dummy                                0x20000011   Data           1  main.o(.data)
    temperature                              0x20000012   Data           1  main.o(.data)
    humidity                                 0x20000013   Data           1  main.o(.data)
    temperature_little                       0x20000014   Data           1  main.o(.data)
    humidity_little                          0x20000015   Data           1  main.o(.data)
    temp_result                              0x20000018   Data           4  main.o(.data)
    hum_result                               0x2000001c   Data           4  main.o(.data)
    SystemCoreClock                          0x20000020   Data           4  system_stm32f10x.o(.data)
    AHBPrescTable                            0x20000024   Data          16  system_stm32f10x.o(.data)
    __stdout                                 0x20000034   Data           4  usartt.o(.data)
    aun_ir_buffer                            0x20000050   Data        2000  main.o(.bss)
    aun_red_buffer                           0x20000820   Data        2000  main.o(.bss)
    OLED_GRAM                                0x20002750   Data        1024  oled.o(.bss)
    __libspace_start                         0x20002b50   Data          96  libspace.o(.bss)
    __temporary_stack_top$libspace           0x20002bb0   Data           0  libspace.o(.bss)



==============================================================================

Memory Map of the image

  Image Entry point : 0x080000ed

  Load Region LR_IROM1 (Base: 0x08000000, Size: 0x000062f4, Max: 0x00080000, ABSOLUTE)

    Execution Region ER_IROM1 (Base: 0x08000000, Size: 0x000062a4, Max: 0x00080000, ABSOLUTE)

    Base Addr    Size         Type   Attr      Idx    E Section Name        Object

    0x08000000   0x000000ec   Data   RO          278    RESET               startup_stm32f10x_md.o
    0x080000ec   0x00000008   Code   RO          376  * !!!main             c_w.l(__main.o)
    0x080000f4   0x00000034   Code   RO          635    !!!scatter          c_w.l(__scatter.o)
    0x08000128   0x0000001a   Code   RO          637    !!handler_copy      c_w.l(__scatter_copy.o)
    0x08000142   0x00000002   PAD
    0x08000144   0x0000001c   Code   RO          639    !!handler_zi        c_w.l(__scatter_zi.o)
    0x08000160   0x00000000   Code   RO          373    .ARM.Collect$$_printf_percent$$00000000  c_w.l(_printf_percent.o)
    0x08000160   0x00000006   Code   RO          372    .ARM.Collect$$_printf_percent$$00000003  c_w.l(_printf_f.o)
    0x08000166   0x00000006   Code   RO          371    .ARM.Collect$$_printf_percent$$00000009  c_w.l(_printf_d.o)
    0x0800016c   0x00000004   Code   RO          427    .ARM.Collect$$_printf_percent$$00000017  c_w.l(_printf_percent_end.o)
    0x08000170   0x00000002   Code   RO          513    .ARM.Collect$$libinit$$00000000  c_w.l(libinit.o)
    0x08000172   0x00000000   Code   RO          515    .ARM.Collect$$libinit$$00000002  c_w.l(libinit2.o)
    0x08000172   0x00000000   Code   RO          517    .ARM.Collect$$libinit$$00000004  c_w.l(libinit2.o)
    0x08000172   0x00000000   Code   RO          520    .ARM.Collect$$libinit$$0000000A  c_w.l(libinit2.o)
    0x08000172   0x00000000   Code   RO          522    .ARM.Collect$$libinit$$0000000C  c_w.l(libinit2.o)
    0x08000172   0x00000000   Code   RO          524    .ARM.Collect$$libinit$$0000000E  c_w.l(libinit2.o)
    0x08000172   0x00000006   Code   RO          525    .ARM.Collect$$libinit$$0000000F  c_w.l(libinit2.o)
    0x08000178   0x00000000   Code   RO          527    .ARM.Collect$$libinit$$00000011  c_w.l(libinit2.o)
    0x08000178   0x00000000   Code   RO          529    .ARM.Collect$$libinit$$00000013  c_w.l(libinit2.o)
    0x08000178   0x00000000   Code   RO          531    .ARM.Collect$$libinit$$00000015  c_w.l(libinit2.o)
    0x08000178   0x0000000a   Code   RO          532    .ARM.Collect$$libinit$$00000016  c_w.l(libinit2.o)
    0x08000182   0x00000000   Code   RO          533    .ARM.Collect$$libinit$$00000017  c_w.l(libinit2.o)
    0x08000182   0x00000000   Code   RO          535    .ARM.Collect$$libinit$$00000019  c_w.l(libinit2.o)
    0x08000182   0x00000000   Code   RO          537    .ARM.Collect$$libinit$$0000001B  c_w.l(libinit2.o)
    0x08000182   0x00000000   Code   RO          539    .ARM.Collect$$libinit$$0000001D  c_w.l(libinit2.o)
    0x08000182   0x00000000   Code   RO          541    .ARM.Collect$$libinit$$0000001F  c_w.l(libinit2.o)
    0x08000182   0x00000000   Code   RO          543    .ARM.Collect$$libinit$$00000021  c_w.l(libinit2.o)
    0x08000182   0x00000000   Code   RO          545    .ARM.Collect$$libinit$$00000023  c_w.l(libinit2.o)
    0x08000182   0x00000000   Code   RO          547    .ARM.Collect$$libinit$$00000025  c_w.l(libinit2.o)
    0x08000182   0x00000000   Code   RO          551    .ARM.Collect$$libinit$$0000002C  c_w.l(libinit2.o)
    0x08000182   0x00000000   Code   RO          553    .ARM.Collect$$libinit$$0000002E  c_w.l(libinit2.o)
    0x08000182   0x00000000   Code   RO          555    .ARM.Collect$$libinit$$00000030  c_w.l(libinit2.o)
    0x08000182   0x00000000   Code   RO          557    .ARM.Collect$$libinit$$00000032  c_w.l(libinit2.o)
    0x08000182   0x00000002   Code   RO          558    .ARM.Collect$$libinit$$00000033  c_w.l(libinit2.o)
    0x08000184   0x00000002   Code   RO          586    .ARM.Collect$$libshutdown$$00000000  c_w.l(libshutdown.o)
    0x08000186   0x00000000   Code   RO          596    .ARM.Collect$$libshutdown$$00000003  c_w.l(libshutdown2.o)
    0x08000186   0x00000000   Code   RO          599    .ARM.Collect$$libshutdown$$00000006  c_w.l(libshutdown2.o)
    0x08000186   0x00000000   Code   RO          602    .ARM.Collect$$libshutdown$$00000009  c_w.l(libshutdown2.o)
    0x08000186   0x00000000   Code   RO          604    .ARM.Collect$$libshutdown$$0000000B  c_w.l(libshutdown2.o)
    0x08000186   0x00000000   Code   RO          607    .ARM.Collect$$libshutdown$$0000000E  c_w.l(libshutdown2.o)
    0x08000186   0x00000002   Code   RO          608    .ARM.Collect$$libshutdown$$0000000F  c_w.l(libshutdown2.o)
    0x08000188   0x00000000   Code   RO          416    .ARM.Collect$$rtentry$$00000000  c_w.l(__rtentry.o)
    0x08000188   0x00000000   Code   RO          438    .ARM.Collect$$rtentry$$00000002  c_w.l(__rtentry2.o)
    0x08000188   0x00000006   Code   RO          450    .ARM.Collect$$rtentry$$00000004  c_w.l(__rtentry4.o)
    0x0800018e   0x00000000   Code   RO          440    .ARM.Collect$$rtentry$$00000009  c_w.l(__rtentry2.o)
    0x0800018e   0x00000004   Code   RO          441    .ARM.Collect$$rtentry$$0000000A  c_w.l(__rtentry2.o)
    0x08000192   0x00000000   Code   RO          443    .ARM.Collect$$rtentry$$0000000C  c_w.l(__rtentry2.o)
    0x08000192   0x00000008   Code   RO          444    .ARM.Collect$$rtentry$$0000000D  c_w.l(__rtentry2.o)
    0x0800019a   0x00000002   Code   RO          559    .ARM.Collect$$rtexit$$00000000  c_w.l(rtexit.o)
    0x0800019c   0x00000000   Code   RO          566    .ARM.Collect$$rtexit$$00000002  c_w.l(rtexit2.o)
    0x0800019c   0x00000004   Code   RO          567    .ARM.Collect$$rtexit$$00000003  c_w.l(rtexit2.o)
    0x080001a0   0x00000006   Code   RO          568    .ARM.Collect$$rtexit$$00000004  c_w.l(rtexit2.o)
    0x080001a6   0x00000002   PAD
    0x080001a8   0x000004f0   Code   RO            1    .text               main.o
    0x08000698   0x0000001a   Code   RO           83    .text               stm32f10x_it.o
    0x080006b2   0x00000002   PAD
    0x080006b4   0x000001e0   Code   RO          115    .text               system_stm32f10x.o
    0x08000894   0x000001e4   Code   RO          133    .text               dht11.o
    0x08000a78   0x000001dc   Code   RO          149    .text               usartt.o
    0x08000c54   0x00000034   Code   RO          168    .text               led.o
    0x08000c88   0x00000384   Code   RO          180    .text               myiic.o
    0x0800100c   0x000002f8   Code   RO          192    .text               max30102.o
    0x08001304   0x000006a4   Code   RO          204    .text               algorithm.o
    0x080019a8   0x000004c6   Code   RO          220    .text               oled.o
    0x08001e6e   0x00000002   PAD
    0x08001e70   0x000000d4   Code   RO          239    .text               delay.o
    0x08001f44   0x0000000c   Code   RO          253    .text               sys.o
    0x08001f50   0x00000040   Code   RO          279    .text               startup_stm32f10x_md.o
    0x08001f90   0x0000035c   Code   RO          283    .text               stm32f10x_gpio.o
    0x080022ec   0x000003a4   Code   RO          295    .text               stm32f10x_rcc.o
    0x08002690   0x00000408   Code   RO          309    .text               stm32f10x_usart.o
    0x08002a98   0x000000dc   Code   RO          321    .text               misc.o
    0x08002b74   0x00000002   Code   RO          335    .text               c_w.l(use_no_semi_2.o)
    0x08002b76   0x00000002   PAD
    0x08002b78   0x00000018   Code   RO          341    .text               c_w.l(noretval__2printf.o)
    0x08002b90   0x00000028   Code   RO          343    .text               c_w.l(noretval__2sprintf.o)
    0x08002bb8   0x0000004e   Code   RO          347    .text               c_w.l(_printf_pad.o)
    0x08002c06   0x00000002   PAD
    0x08002c08   0x00000078   Code   RO          349    .text               c_w.l(_printf_dec.o)
    0x08002c80   0x0000010e   Code   RO          359    .text               c_w.l(__printf_wp.o)
    0x08002d8e   0x00000006   Code   RO          374    .text               c_w.l(heapauxi.o)
    0x08002d94   0x00000002   Code   RO          414    .text               c_w.l(use_no_semi.o)
    0x08002d96   0x000000b2   Code   RO          417    .text               c_w.l(_printf_intcommon.o)
    0x08002e48   0x0000041a   Code   RO          419    .text               c_w.l(_printf_fp_dec.o)
    0x08003262   0x00000002   PAD
    0x08003264   0x00000030   Code   RO          421    .text               c_w.l(_printf_char_common.o)
    0x08003294   0x0000000a   Code   RO          423    .text               c_w.l(_sputc.o)
    0x0800329e   0x00000002   PAD
    0x080032a0   0x00000024   Code   RO          425    .text               c_w.l(_printf_char_file.o)
    0x080032c4   0x00000008   Code   RO          455    .text               c_w.l(rt_locale_intlibspace.o)
    0x080032cc   0x0000008a   Code   RO          457    .text               c_w.l(lludiv10.o)
    0x08003356   0x00000002   PAD
    0x08003358   0x00000080   Code   RO          459    .text               c_w.l(_printf_fp_infnan.o)
    0x080033d8   0x000000dc   Code   RO          463    .text               c_w.l(bigflt0.o)
    0x080034b4   0x00000008   Code   RO          488    .text               c_w.l(ferror.o)
    0x080034bc   0x00000008   Code   RO          499    .text               c_w.l(libspace.o)
    0x080034c4   0x0000004a   Code   RO          502    .text               c_w.l(sys_stackheap_outer.o)
    0x0800350e   0x0000000c   Code   RO          504    .text               c_w.l(exit.o)
    0x0800351a   0x00000002   PAD
    0x0800351c   0x00000080   Code   RO          506    .text               c_w.l(strcmpv7m.o)
    0x0800359c   0x0000003e   Code   RO          466    CL$$btod_d2e        c_w.l(btod.o)
    0x080035da   0x00000046   Code   RO          468    CL$$btod_d2e_denorm_low  c_w.l(btod.o)
    0x08003620   0x00000060   Code   RO          467    CL$$btod_d2e_norm_op1  c_w.l(btod.o)
    0x08003680   0x00000338   Code   RO          476    CL$$btod_div_common  c_w.l(btod.o)
    0x080039b8   0x000000c6   Code   RO          473    CL$$btod_e2e        c_w.l(btod.o)
    0x08003a7e   0x00000028   Code   RO          470    CL$$btod_ediv       c_w.l(btod.o)
    0x08003aa6   0x00000028   Code   RO          469    CL$$btod_emul       c_w.l(btod.o)
    0x08003ace   0x00000244   Code   RO          475    CL$$btod_mult_common  c_w.l(btod.o)
    0x08003d12   0x00000028   Code   RO          497    i.__ARM_fpclassify  m_ws.l(fpclassify.o)
    0x08003d3a   0x0000000e   Code   RO          361    i._is_digit         c_w.l(__printf_wp.o)
    0x08003d48   0x0000002c   Code   RO          493    locale$$code        c_w.l(lc_numeric_c.o)
    0x08003d74   0x00000062   Code   RO          378    x$fpl$d2f           fz_ws.l(d2f.o)
    0x08003dd6   0x00000002   PAD
    0x08003dd8   0x00000150   Code   RO          380    x$fpl$dadd          fz_ws.l(daddsub_clz.o)
    0x08003f28   0x00000026   Code   RO          386    x$fpl$dfltu         fz_ws.l(dflt_clz.o)
    0x08003f4e   0x00000002   PAD
    0x08003f50   0x00000154   Code   RO          392    x$fpl$dmul          fz_ws.l(dmul.o)
    0x080040a4   0x0000009c   Code   RO          428    x$fpl$dnaninf       fz_ws.l(dnaninf.o)
    0x08004140   0x0000000c   Code   RO          430    x$fpl$dretinf       fz_ws.l(dretinf.o)
    0x0800414c   0x000001d4   Code   RO          382    x$fpl$dsub          fz_ws.l(daddsub_clz.o)
    0x08004320   0x00000056   Code   RO          394    x$fpl$f2d           fz_ws.l(f2d.o)
    0x08004376   0x00000002   PAD
    0x08004378   0x00000184   Code   RO          397    x$fpl$fdiv          fz_ws.l(fdiv.o)
    0x080044fc   0x00000036   Code   RO          400    x$fpl$ffix          fz_ws.l(ffix.o)
    0x08004532   0x00000002   PAD
    0x08004534   0x00000026   Code   RO          404    x$fpl$ffltu         fz_ws.l(fflt_clz.o)
    0x0800455a   0x00000002   PAD
    0x0800455c   0x00000102   Code   RO          410    x$fpl$fmul          fz_ws.l(fmul.o)
    0x0800465e   0x0000008c   Code   RO          432    x$fpl$fnaninf       fz_ws.l(fnaninf.o)
    0x080046ea   0x0000000a   Code   RO          434    x$fpl$fretinf       fz_ws.l(fretinf.o)
    0x080046f4   0x00000004   Code   RO          412    x$fpl$printf1       fz_ws.l(printf1.o)
    0x080046f8   0x00000000   Code   RO          436    x$fpl$usenofp       fz_ws.l(usenofp.o)
    0x080046f8   0x000000f6   Data   RO          206    .constdata          algorithm.o
    0x080047ee   0x000017c0   Data   RO          222    .constdata          oled.o
    0x08005fae   0x00000002   PAD
    0x08005fb0   0x00000094   Data   RO          464    .constdata          c_w.l(bigflt0.o)
    0x08006044   0x00000222   Data   RO            3    .conststring        main.o
    0x08006266   0x00000002   PAD
    0x08006268   0x00000020   Data   RO          633    Region$$Table       anon$$obj.o
    0x08006288   0x0000001c   Data   RO          492    locale$$data        c_w.l(lc_numeric_c.o)


    Execution Region RW_IRAM1 (Base: 0x20000000, Size: 0x000031b0, Max: 0x00010000, ABSOLUTE)

    Base Addr    Size         Type   Attr      Idx    E Section Name        Object

    0x20000000   0x00000020   Data   RW            4    .data               main.o
    0x20000020   0x00000014   Data   RW          116    .data               system_stm32f10x.o
    0x20000034   0x00000004   Data   RW          150    .data               usartt.o
    0x20000038   0x00000004   Data   RW          240    .data               delay.o
    0x2000003c   0x00000014   Data   RW          296    .data               stm32f10x_rcc.o
    0x20000050   0x00000fa0   Zero   RW            2    .bss                main.o
    0x20000ff0   0x00001760   Zero   RW          205    .bss                algorithm.o
    0x20002750   0x00000400   Zero   RW          221    .bss                oled.o
    0x20002b50   0x00000060   Zero   RW          500    .bss                c_w.l(libspace.o)
    0x20002bb0   0x00000200   Zero   RW          277    HEAP                startup_stm32f10x_md.o
    0x20002db0   0x00000400   Zero   RW          276    STACK               startup_stm32f10x_md.o


==============================================================================

Image component sizes


      Code (inc. data)   RO Data    RW Data    ZI Data      Debug   Object Name

      1700         30        246          0       5984       5423   algorithm.o
         0          0          0          0          0         32   core_cm3.o
       212         18          0          4          0        983   delay.o
       484         12          0          0          0       2462   dht11.o
        52          6          0          0          0        467   led.o
      1264        182        546         32       4000     235348   main.o
       760          4          0          0          0       3330   max30102.o
       220         22          0          0          0       1761   misc.o
       900         14          0          0          0       3378   myiic.o
      1222         28       6080          0       1024       4887   oled.o
        64         26        236          0       1536        784   startup_stm32f10x_md.o
       860         38          0          0          0       5609   stm32f10x_gpio.o
        26          0          0          0          0     205882   stm32f10x_it.o
       932         36          0         20          0       8764   stm32f10x_rcc.o
      1032         22          0          0          0       8332   stm32f10x_usart.o
        12          0          0          0          0        433   sys.o
       480         38          0         20          0       1683   system_stm32f10x.o
       476         12          0          4          0       3835   usartt.o

    ----------------------------------------------------------------------
     10700        488       7144         80      12544     493393   Object Totals
         0          0         32          0          0          0   (incl. Generated)
         4          0          4          0          0          0   (incl. Padding)

    ----------------------------------------------------------------------

      Code (inc. data)   RO Data    RW Data    ZI Data      Debug   Library Member Name

         8          0          0          0          0         68   __main.o
       284          0          0          0          0        156   __printf_wp.o
         0          0          0          0          0          0   __rtentry.o
        12          0          0          0          0          0   __rtentry2.o
         6          0          0          0          0          0   __rtentry4.o
        52          8          0          0          0          0   __scatter.o
        26          0          0          0          0          0   __scatter_copy.o
        28          0          0          0          0          0   __scatter_zi.o
        48          6          0          0          0         96   _printf_char_common.o
        36          4          0          0          0         80   _printf_char_file.o
         6          0          0          0          0          0   _printf_d.o
       120         16          0          0          0         92   _printf_dec.o
         6          0          0          0          0          0   _printf_f.o
      1050          0          0          0          0        216   _printf_fp_dec.o
       128         16          0          0          0         84   _printf_fp_infnan.o
       178          0          0          0          0         88   _printf_intcommon.o
        78          0          0          0          0        108   _printf_pad.o
         0          0          0          0          0          0   _printf_percent.o
         4          0          0          0          0          0   _printf_percent_end.o
        10          0          0          0          0         68   _sputc.o
       220          4        148          0          0         96   bigflt0.o
      1910        128          0          0          0        672   btod.o
        12          0          0          0          0         72   exit.o
         8          0          0          0          0         68   ferror.o
         6          0          0          0          0        152   heapauxi.o
        44         10         28          0          0         76   lc_numeric_c.o
         2          0          0          0          0          0   libinit.o
        18          0          0          0          0          0   libinit2.o
         2          0          0          0          0          0   libshutdown.o
         2          0          0          0          0          0   libshutdown2.o
         8          4          0          0         96         68   libspace.o
       138          0          0          0          0         80   lludiv10.o
        24          4          0          0          0         84   noretval__2printf.o
        40          6          0          0          0         84   noretval__2sprintf.o
         8          4          0          0          0         68   rt_locale_intlibspace.o
         2          0          0          0          0          0   rtexit.o
        10          0          0          0          0          0   rtexit2.o
       128          0          0          0          0         68   strcmpv7m.o
        74          0          0          0          0         80   sys_stackheap_outer.o
         2          0          0          0          0         68   use_no_semi.o
         2          0          0          0          0         68   use_no_semi_2.o
        98          4          0          0          0         92   d2f.o
       804         16          0          0          0        272   daddsub_clz.o
        38          0          0          0          0         68   dflt_clz.o
       340         12          0          0          0        104   dmul.o
       156          4          0          0          0         92   dnaninf.o
        12          0          0          0          0         68   dretinf.o
        86          4          0          0          0         84   f2d.o
       388         76          0          0          0         96   fdiv.o
        54          4          0          0          0         84   ffix.o
        38          0          0          0          0         68   fflt_clz.o
       258          4          0          0          0         84   fmul.o
       140          4          0          0          0         84   fnaninf.o
        10          0          0          0          0         68   fretinf.o
         4          0          0          0          0         68   printf1.o
         0          0          0          0          0          0   usenofp.o
        40          0          0          0          0         68   fpclassify.o

    ----------------------------------------------------------------------
      7232        338        176          0         96       4260   Library Totals
        26          0          0          0          0          0   (incl. Padding)

    ----------------------------------------------------------------------

      Code (inc. data)   RO Data    RW Data    ZI Data      Debug   Library Name

      4740        210        176          0         96       2860   c_w.l
      2426        128          0          0          0       1332   fz_ws.l
        40          0          0          0          0         68   m_ws.l

    ----------------------------------------------------------------------
      7232        338        176          0         96       4260   Library Totals

    ----------------------------------------------------------------------

==============================================================================


      Code (inc. data)   RO Data    RW Data    ZI Data      Debug   

     17932        826       7320         80      12640     494217   Grand Totals
     17932        826       7320         80      12640     494217   ELF Image Totals
     17932        826       7320         80          0          0   ROM Totals

==============================================================================

    Total RO  Size (Code + RO Data)                25252 (  24.66kB)
    Total RW  Size (RW Data + ZI Data)             12720 (  12.42kB)
    Total ROM Size (Code + RO Data + RW Data)      25332 (  24.74kB)

==============================================================================

