Component: ARM Compiler 5.05 update 1 (build 106) Tool: armlink [4d0efa]

==============================================================================

Section Cross References

    main.o(.text) refers to stm32f10x_rcc.o(.text) for RCC_APB2PeriphClockCmd
    main.o(.text) refers to stm32f10x_gpio.o(.text) for GPIO_Init
    main.o(.text) refers to stm32f10x_usart.o(.text) for USART_Init
    main.o(.text) refers to misc.o(.text) for NVIC_Init
    main.o(.text) refers to strlen.o(.text) for strlen
    main.o(.text) refers to strstr.o(.text) for strstr
    main.o(.text) refers to strchr.o(.text) for strchr
    main.o(.text) refers to strcpy.o(.text) for strcpy
    main.o(.text) refers to channeliic.o(.text) for IIC_Start_channel
    main.o(.text) refers to delay.o(.text) for delay_ms
    main.o(.text) refers to printfa.o(i.__0sprintf) for __2sprintf
    main.o(.text) refers to cjson.o(.text) for cJSON_Parse
    main.o(.text) refers to main.o(.data) for DefaultDatsend
    main.o(.text) refers to dht11.o(.text) for DHT11_Read_Data
    main.o(.text) refers to dfltui.o(.text) for __aeabi_ui2d
    main.o(.text) refers to dmul.o(.text) for __aeabi_dmul
    main.o(.text) refers to dadd.o(.text) for __aeabi_dadd
    main.o(.text) refers to d2f.o(.text) for __aeabi_d2f
    main.o(.text) refers to max30102.o(.text) for max30102_FIFO_ReadBytes
    main.o(.text) refers to ffltui.o(.text) for __aeabi_ui2f
    main.o(.text) refers to fdiv.o(.text) for __aeabi_fdiv
    main.o(.text) refers to fmul.o(.text) for __aeabi_fmul
    main.o(.text) refers to ffixi.o(.text) for __aeabi_f2iz
    main.o(.text) refers to algorithm.o(.text) for maxim_heart_rate_and_oxygen_saturation
    main.o(.text) refers to main.o(.bss) for RX_BUF
    main.o(.text) refers to main.o(.conststring) for .conststring
    main.o(.text) refers to quene.o(.text) for findMode
    main.o(.text) refers to sys.o(.text) for NVIC_Configuration
    main.o(.text) refers to led.o(.text) for LED_Init
    main.o(.text) refers to printfa.o(i.__0printf) for __2printf
    main.o(.text) refers to f2d.o(.text) for __aeabi_f2d
    system_stm32f10x.o(.text) refers to system_stm32f10x.o(.data) for SystemCoreClock
    dht11.o(.text) refers to stm32f10x_rcc.o(.text) for RCC_APB2PeriphClockCmd
    dht11.o(.text) refers to stm32f10x_gpio.o(.text) for GPIO_Init
    quene.o(.text) refers to mallocr.o(i.__malloc$realloc) for malloc
    quene.o(.text) refers to mallocr.o(i.__free$realloc) for free
    quene.o(.text) refers to memseta.o(.text) for __aeabi_memclr4
    cjson.o(.text) refers to scanf_fp.o(.text) for _scanf_real
    cjson.o(.text) refers to printfa.o(i.__0sprintf) for __2sprintf
    cjson.o(.text) refers to tolower.o(.text) for tolower
    cjson.o(.text) refers to strlen.o(.text) for strlen
    cjson.o(.text) refers to memcpya.o(.text) for __aeabi_memcpy
    cjson.o(.text) refers to memseta.o(.text) for __aeabi_memclr4
    cjson.o(.text) refers to strtod.o(i.strtod) for strtod
    cjson.o(.text) refers to cdrcmple.o(.text) for __aeabi_cdrcmple
    cjson.o(.text) refers to cdcmple.o(.text) for __aeabi_cdcmple
    cjson.o(.text) refers to dfixi.o(.text) for __aeabi_d2iz
    cjson.o(.text) refers to strcpy.o(.text) for strcpy
    cjson.o(.text) refers to cjson.o(.data) for global_error
    cjson.o(.text) refers to cjson.o(.bss) for version
    cjson.o(.text) refers to mallocr.o(i.__malloc$realloc) for malloc
    cjson.o(.text) refers to mallocr.o(i.__free$realloc) for free
    cjson.o(.text) refers to mallocr.o(i.realloc) for realloc
    cjson.o(.text) refers to dmul.o(.text) for __aeabi_dmul
    cjson.o(.text) refers to dadd.o(.text) for __aeabi_dsub
    cjson.o(.text) refers to dflti.o(.text) for __aeabi_i2d
    cjson.o(.text) refers to __0sscanf.o(.text) for __0sscanf
    cjson.o(.text) refers to strncmp.o(.text) for strncmp
    cjson.o(.text) refers to strcmp.o(.text) for strcmp
    cjson.o(.text) refers to f2d.o(.text) for __aeabi_f2d
    cjson.o(.data) refers to mallocr.o(i.__malloc$realloc) for malloc
    cjson.o(.data) refers to mallocr.o(i.__free$realloc) for free
    cjson.o(.data) refers to mallocr.o(i.realloc) for realloc
    cjson_utils.o(.text) refers to strlen.o(.text) for strlen
    cjson_utils.o(.text) refers to cjson.o(.text) for cJSON_malloc
    cjson_utils.o(.text) refers to memcpya.o(.text) for __aeabi_memcpy
    cjson_utils.o(.text) refers to strcmp.o(.text) for strcmp
    cjson_utils.o(.text) refers to tolower.o(.text) for tolower
    cjson_utils.o(.text) refers to cdrcmple.o(.text) for __aeabi_cdrcmple
    cjson_utils.o(.text) refers to dmul.o(.text) for __aeabi_dmul
    cjson_utils.o(.text) refers to dadd.o(.text) for __aeabi_dsub
    cjson_utils.o(.text) refers to cdcmple.o(.text) for __aeabi_cdcmple
    cjson_utils.o(.text) refers to printfa.o(i.__0sprintf) for __2sprintf
    cjson_utils.o(.text) refers to strcat.o(.text) for strcat
    cjson_utils.o(.text) refers to strrchr.o(.text) for strrchr
[...]
    mallocra.o(i.__aligned_malloc$realloc) refers to mvars.o(.data) for __microlib_freelist
    mallocra.o(i.__free$realloc$memalign) refers to mvars.o(.data) for __microlib_freelist
    mallocra.o(i.__malloc$realloc$memalign) refers to mallocra.o(i.__aligned_malloc$realloc) for __aligned_malloc$realloc
    mallocra.o(i.__realloc$memalign) refers to mallocra.o(i.__free$realloc$memalign) for __free$realloc$memalign
    mallocra.o(i.__realloc$memalign) refers to mallocra.o(i.internal_alloc) for internal_alloc
    mallocra.o(i.__realloc$memalign) refers to mallocra.o(i.__malloc$realloc$memalign) for __malloc$realloc$memalign
    mallocra.o(i.__realloc$memalign) refers to mvars.o(.data) for __microlib_freelist
    mallocra.o(i.internal_alloc) refers to memcpya.o(.text) for __aeabi_memcpy
    mallocra.o(i.internal_alloc) refers to mvars.o(.data) for __microlib_freelist
    __0sscanf.o(.text) refers to scanf_char.o(.text) for __vfscanf_char
    __0sscanf.o(.text) refers to _sgetc.o(.text) for _sgetc
    scanf_fp.o(.text) refers (Special) to iusefp.o(.text) for __I$use$fp
    scanf_fp.o(.text) refers to dfltul.o(.text) for __aeabi_ul2d
    scanf_fp.o(.text) refers to dmul.o(.text) for __aeabi_dmul
    scanf_fp.o(.text) refers to ddiv.o(.text) for __aeabi_ddiv
    scanf_fp.o(.text) refers to scanf_fp.o(i._is_digit) for _is_digit
    scanf_fp.o(.text) refers to d2f.o(.text) for __aeabi_d2f
    fmul.o(.text) refers (Special) to iusefp.o(.text) for __I$use$fp
    fdiv.o(.text) refers (Special) to iusefp.o(.text) for __I$use$fp
    fdiv.o(.text) refers to fepilogue.o(.text) for _float_round
    dadd.o(.text) refers (Special) to iusefp.o(.text) for __I$use$fp
    dadd.o(.text) refers to llshl.o(.text) for __aeabi_llsl
    dadd.o(.text) refers to llsshr.o(.text) for __aeabi_lasr
    dadd.o(.text) refers to depilogue.o(.text) for _double_epilogue
    dmul.o(.text) refers (Special) to iusefp.o(.text) for __I$use$fp
    dmul.o(.text) refers to depilogue.o(.text) for _double_epilogue
    ffltui.o(.text) refers (Special) to iusefp.o(.text) for __I$use$fp
    ffltui.o(.text) refers to fepilogue.o(.text) for _float_epilogue
    dflti.o(.text) refers (Special) to iusefp.o(.text) for __I$use$fp
    dflti.o(.text) refers to depilogue.o(.text) for _double_epilogue
    dfltui.o(.text) refers (Special) to iusefp.o(.text) for __I$use$fp
    dfltui.o(.text) refers to depilogue.o(.text) for _double_epilogue
    ffixi.o(.text) refers (Special) to iusefp.o(.text) for __I$use$fp
    dfixi.o(.text) refers (Special) to iusefp.o(.text) for __I$use$fp
    dfixi.o(.text) refers to llushr.o(.text) for __aeabi_llsr
    f2d.o(.text) refers (Special) to iusefp.o(.text) for __I$use$fp
    cdcmple.o(.text) refers (Special) to iusefp.o(.text) for __I$use$fp
    cdrcmple.o(.text) refers (Special) to iusefp.o(.text) for __I$use$fp
    d2f.o(.text) refers (Special) to iusefp.o(.text) for __I$use$fp
    d2f.o(.text) refers to fepilogue.o(.text) for _float_round
    entry2.o(.ARM.Collect$$$$00000001) refers to entry2.o(.ARM.Collect$$$$00002712) for __lit__00000000
    entry2.o(.ARM.Collect$$$$00002712) refers to startup_stm32f10x_md.o(STACK) for __initial_sp
    entry2.o(__vectab_stack_and_reset_area) refers to startup_stm32f10x_md.o(STACK) for __initial_sp
    entry2.o(__vectab_stack_and_reset_area) refers to entry.o(.ARM.Collect$$$$00000000) for __main
    entry5.o(.ARM.Collect$$$$00000004) refers to init.o(.text) for __scatterload
    entry9a.o(.ARM.Collect$$$$0000000B) refers to main.o(.text) for main
    entry9b.o(.ARM.Collect$$$$0000000C) refers to main.o(.text) for main
    uldiv.o(.text) refers to llushr.o(.text) for __aeabi_llsr
    uldiv.o(.text) refers to llshl.o(.text) for __aeabi_llsl
    scanf_char.o(.text) refers to _scanf.o(.text) for __vfscanf
    scanf_char.o(.text) refers to isspace_c.o(.text) for isspace
    strtod.o(.text) refers to scanf_fp.o(.text) for _scanf_real
    strtod.o(.text) refers to _sgetc.o(.text) for _sgetc
    strtod.o(.text) refers to isspace_c.o(.text) for isspace
    depilogue.o(.text) refers to llshl.o(.text) for __aeabi_llsl
    depilogue.o(.text) refers to llushr.o(.text) for __aeabi_llsr
    ddiv.o(.text) refers to depilogue.o(.text) for _double_round
    dfltul.o(.text) refers to depilogue.o(.text) for _double_epilogue
    dfixul.o(.text) refers to llushr.o(.text) for __aeabi_llsr
    dfixul.o(.text) refers to llshl.o(.text) for __aeabi_llsl
    init.o(.text) refers to entry5.o(.ARM.Collect$$$$00000004) for __main_after_scatterload
    isspace_c.o(.text) refers to ctype_c.o(.text) for __ctype_lookup
    _scanf.o(.text) refers (Weak) to scanf_fp.o(.text) for _scanf_real
    ctype_c.o(.text) refers to ctype_c.o(.constdata) for .constdata
    scanf_fp.o(i._is_digit) refers (Special) to iusefp.o(.text) for __I$use$fp


==============================================================================

Removing Unused input sections from the image.

    Removing cjson_utils.o(.text), (4244 bytes).
    Removing cjson_utils.o(.constdata), (40 bytes).
    Removing oled.o(.text), (1222 bytes).
    Removing oled.o(.bss), (1024 bytes).
    Removing oled.o(.constdata), (6080 bytes).
    Removing core_cm3.o(.emb_text), (32 bytes).

6 unused section(s) (total 12642 bytes) removed from the image.

==============================================================================

Image Symbol Table

    Local Symbols

    Symbol Name                              Value     Ov Type        Size  Object(Section)

    ../clib/microlib/ctype/ctype.c           0x00000000   Number         0  ctype_c.o ABSOLUTE
    ../clib/microlib/ctype/ctype.c           0x00000000   Number         0  isspace_c.o ABSOLUTE
    ../clib/microlib/ctype/tolower.c         0x00000000   Number         0  tolower.o ABSOLUTE
    ../clib/microlib/division.c              0x00000000   Number         0  uidiv.o ABSOLUTE
    ../clib/microlib/division.c              0x00000000   Number         0  uldiv.o ABSOLUTE
    ../clib/microlib/init/entry.s            0x00000000   Number         0  entry11b.o ABSOLUTE
    ../clib/microlib/init/entry.s            0x00000000   Number         0  entry2.o ABSOLUTE
    ../clib/microlib/init/entry.s            0x00000000   Number         0  entry.o ABSOLUTE
    ../clib/microlib/init/entry.s            0x00000000   Number         0  entry8b.o ABSOLUTE
    ../clib/microlib/init/entry.s            0x00000000   Number         0  entry5.o ABSOLUTE
    ../clib/microlib/init/entry.s            0x00000000   Number         0  entry7a.o ABSOLUTE
    ../clib/microlib/init/entry.s            0x00000000   Number         0  entry7b.o ABSOLUTE
    ../clib/microlib/init/entry.s            0x00000000   Number         0  entry8a.o ABSOLUTE
    ../clib/microlib/init/entry.s            0x00000000   Number         0  entry9a.o ABSOLUTE
    ../clib/microlib/init/entry.s            0x00000000   Number         0  entry9b.o ABSOLUTE
    ../clib/microlib/init/entry.s            0x00000000   Number         0  entry10a.o ABSOLUTE
    ../clib/microlib/init/entry.s            0x00000000   Number         0  entry10b.o ABSOLUTE
    ../clib/microlib/init/entry.s            0x00000000   Number         0  entry11a.o ABSOLUTE
    ../clib/microlib/longlong.c              0x00000000   Number         0  llsshr.o ABSOLUTE
    ../clib/microlib/longlong.c              0x00000000   Number         0  llushr.o ABSOLUTE
    ../clib/microlib/longlong.c              0x00000000   Number         0  llshl.o ABSOLUTE
    ../clib/microlib/malloc/malloc.c         0x00000000   Number         0  mallocr.o ABSOLUTE
    ../clib/microlib/malloc/malloc.c         0x00000000   Number         0  mallocra.o ABSOLUTE
    ../clib/microlib/malloc/malloc.c         0x00000000   Number         0  malloc.o ABSOLUTE
    ../clib/microlib/malloc/malloc.c         0x00000000   Number         0  malloca.o ABSOLUTE
    ../clib/microlib/malloc/mvars.c          0x00000000   Number         0  mvars.o ABSOLUTE
    ../clib/microlib/printf/printf.c         0x00000000   Number         0  printf3.o ABSOLUTE
    ../clib/microlib/printf/printf.c         0x00000000   Number         0  printf5.o ABSOLUTE
    ../clib/microlib/printf/printf.c         0x00000000   Number         0  printf4.o ABSOLUTE
    ../clib/microlib/printf/printf.c         0x00000000   Number         0  printf0.o ABSOLUTE
    ../clib/microlib/printf/printf.c         0x00000000   Number         0  printf1.o ABSOLUTE
    ../clib/microlib/printf/printf.c         0x00000000   Number         0  printf7.o ABSOLUTE
    ../clib/microlib/printf/printf.c         0x00000000   Number         0  printf8.o ABSOLUTE
    ../clib/microlib/printf/printf.c         0x00000000   Number         0  printfb.o ABSOLUTE
    ../clib/microlib/printf/printf.c         0x00000000   Number         0  printfa.o ABSOLUTE
    ../clib/microlib/printf/printf.c         0x00000000   Number         0  printf6.o ABSOLUTE
    ../clib/microlib/printf/printf.c         0x00000000   Number         0  printf2.o ABSOLUTE
    ../clib/microlib/printf/stubs.s          0x00000000   Number         0  stubs.o ABSOLUTE
    ../clib/microlib/string/memcpy.c         0x00000000   Number         0  memcpyb.o ABSOLUTE
    ../clib/microlib/string/memcpy.c         0x00000000   Number         0  memcpya.o ABSOLUTE
    ../clib/microlib/string/memset.c         0x00000000   Number         0  memseta.o ABSOLUTE
    ../clib/microlib/string/strcat.c         0x00000000   Number         0  strcat.o ABSOLUTE
    ../clib/microlib/string/strchr.c         0x00000000   Number         0  strchr.o ABSOLUTE
    ../clib/microlib/string/strcmp.c         0x00000000   Number         0  strcmp.o ABSOLUTE
    ../clib/microlib/string/strcpy.c         0x00000000   Number         0  strcpy.o ABSOLUTE
    ../clib/microlib/string/strlen.c         0x00000000   Number         0  strlen.o ABSOLUTE
    ../clib/microlib/string/strncmp.c        0x00000000   Number         0  strncmp.o ABSOLUTE
    ../clib/microlib/string/strrchr.c        0x00000000   Number         0  strrchr.o ABSOLUTE
    ../clib/microlib/string/strstr.c         0x00000000   Number         0  strstr.o ABSOLUTE
    ../clib/microlib/stubs.s                 0x00000000   Number         0  iusefp.o ABSOLUTE
    ../clib/microlib/stubs.s                 0x00000000   Number         0  useno.o ABSOLUTE
    ../clib/scanf.c                          0x00000000   Number         0  strtod.o ABSOLUTE
    ../clib/scanf.c                          0x00000000   Number         0  _sgetc.o ABSOLUTE
    ../clib/scanf.c                          0x00000000   Number         0  _scanf.o ABSOLUTE
    ../clib/scanf.c                          0x00000000   Number         0  scanf_char.o ABSOLUTE
    ../clib/scanf.c                          0x00000000   Number         0  __0sscanf.o ABSOLUTE
    ../clib/scanf.c                          0x00000000   Number         0  scanf_fp.o ABSOLUTE
    ../fplib/microlib/d2f.c                  0x00000000   Number         0  d2f.o ABSOLUTE
    ../fplib/microlib/f2d.c                  0x00000000   Number         0  f2d.o ABSOLUTE
    ../fplib/microlib/fpadd.c                0x00000000   Number         0  dadd.o ABSOLUTE
    ../fplib/microlib/fpdiv.c                0x00000000   Number         0  ddiv.o ABSOLUTE
    ../fplib/microlib/fpdiv.c                0x00000000   Number         0  fdiv.o ABSOLUTE
    ../fplib/microlib/fpepilogue.c           0x00000000   Number         0  depilogue.o ABSOLUTE
    ../fplib/microlib/fpepilogue.c           0x00000000   Number         0  fepilogue.o ABSOLUTE
    ../fplib/microlib/fpfix.c                0x00000000   Number         0  dfixul.o ABSOLUTE
    ../fplib/microlib/fpfix.c                0x00000000   Number         0  dfixi.o ABSOLUTE
    ../fplib/microlib/fpfix.c                0x00000000   Number         0  ffixi.o ABSOLUTE
    ../fplib/microlib/fpflt.c                0x00000000   Number         0  dfltul.o ABSOLUTE
    ../fplib/microlib/fpflt.c                0x00000000   Number         0  dfltui.o ABSOLUTE
    ../fplib/microlib/fpflt.c                0x00000000   Number         0  dflti.o ABSOLUTE
    ../fplib/microlib/fpflt.c                0x00000000   Number         0  ffltui.o ABSOLUTE
    ../fplib/microlib/fpmul.c                0x00000000   Number         0  dmul.o ABSOLUTE
    ../fplib/microlib/fpmul.c                0x00000000   Number         0  fmul.o ABSOLUTE
    ../mathlib/strtod.c                      0x00000000   Number         0  strtod.o ABSOLUTE
    ..\CORE\core_cm3.c                       0x00000000   Number         0  core_cm3.o ABSOLUTE
    ..\CORE\startup_stm32f10x_md.s           0x00000000   Number         0  startup_stm32f10x_md.o ABSOLUTE
    ..\HARDWARE\IIC\algorithm.c              0x00000000   Number         0  algorithm.o ABSOLUTE
    ..\HARDWARE\IIC\max30102.c               0x00000000   Number         0  max30102.o ABSOLUTE
    ..\HARDWARE\IIC\myiic.c                  0x00000000   Number         0  myiic.o ABSOLUTE
    ..\HARDWARE\LED\led.c                    0x00000000   Number         0  led.o ABSOLUTE
    ..\HARDWARE\OLED\oled.c                  0x00000000   Number         0  oled.o ABSOLUTE
    ..\STM32F10x_FWLib\src\misc.c            0x00000000   Number         0  misc.o ABSOLUTE
    ..\STM32F10x_FWLib\src\stm32f10x_gpio.c  0x00000000   Number         0  stm32f10x_gpio.o ABSOLUTE
    ..\STM32F10x_FWLib\src\stm32f10x_rcc.c   0x00000000   Number         0  stm32f10x_rcc.o ABSOLUTE
    ..\STM32F10x_FWLib\src\stm32f10x_usart.c 0x00000000   Number         0  stm32f10x_usart.o ABSOLUTE
    ..\SYSTEM\delay\delay.c                  0x00000000   Number         0  delay.o ABSOLUTE
    ..\SYSTEM\sys\sys.c                      0x00000000   Number         0  sys.o ABSOLUTE
    ..\\CORE\\core_cm3.c                     0x00000000   Number         0  core_cm3.o ABSOLUTE
    cJSON.c                                  0x00000000   Number         0  cjson.o ABSOLUTE
    cJSON_Utils.c                            0x00000000   Number         0  cjson_utils.o ABSOLUTE
    cdcmple.s                                0x00000000   Number         0  cdcmple.o ABSOLUTE
    cdrcmple.s                               0x00000000   Number         0  cdrcmple.o ABSOLUTE
    channeliic.c                             0x00000000   Number         0  channeliic.o ABSOLUTE
    dc.s                                     0x00000000   Number         0  dc.o ABSOLUTE
    dht11.c                                  0x00000000   Number         0  dht11.o ABSOLUTE
    handlers.s                               0x00000000   Number         0  handlers.o ABSOLUTE
    init.s                                   0x00000000   Number         0  init.o ABSOLUTE
    main.c                                   0x00000000   Number         0  main.o ABSOLUTE
    quene.c                                  0x00000000   Number         0  quene.o ABSOLUTE
    stm32f10x_it.c                           0x00000000   Number         0  stm32f10x_it.o ABSOLUTE
    system_stm32f10x.c                       0x00000000   Number         0  system_stm32f10x.o ABSOLUTE
    RESET                                    0x08000000   Section      236  startup_stm32f10x_md.o(RESET)
    .ARM.Collect$$$$00000000                 0x080000ec   Section        0  entry.o(.ARM.Collect$$$$00000000)
    .ARM.Collect$$$$00000001                 0x080000ec   Section        4  entry2.o(.ARM.Collect$$$$00000001)
    .ARM.Collect$$$$00000004                 0x080000f0   Section        4  entry5.o(.ARM.Collect$$$$00000004)
    .ARM.Collect$$$$00000008                 0x080000f4   Section        0  entry7b.o(.ARM.Collect$$$$00000008)
    .ARM.Collect$$$$0000000A                 0x080000f4   Section        0  entry8b.o(.ARM.Collect$$$$0000000A)
    .ARM.Collect$$$$0000000B                 0x080000f4   Section        8  entry9a.o(.ARM.Collect$$$$0000000B)
    .ARM.Collect$$$$0000000D                 0x080000fc   Section        0  entry10a.o(.ARM.Collect$$$$0000000D)
    .ARM.Collect$$$$0000000F                 0x080000fc   Section        0  entry11a.o(.ARM.Collect$$$$0000000F)
    .ARM.Collect$$$$00002712                 0x080000fc   Section        4  entry2.o(.ARM.Collect$$$$00002712)
    __lit__00000000                          0x080000fc   Data           4  entry2.o(.ARM.Collect$$$$00002712)
    .text                                    0x08000100   Section        0  main.o(.text)
    .text                                    0x08000eac   Section        0  stm32f10x_it.o(.text)
    .text                                    0x08000ec8   Section        0  system_stm32f10x.o(.text)
    SetSysClockTo72                          0x08000ec9   Thumb Code   214  system_stm32f10x.o(.text)
    SetSysClock                              0x08000f9f   Thumb Code     8  system_stm32f10x.o(.text)
    .text                                    0x080010a8   Section        0  dht11.o(.text)
    .text                                    0x0800128c   Section        0  quene.o(.text)
    .text                                    0x08001598   Section        0  cjson.o(.text)
    case_insensitive_strcmp                  0x08001613   Thumb Code    72  cjson.o(.text)
    cJSON_strdup                             0x0800165b   Thumb Code    56  cjson.o(.text)
    cJSON_New_Item                           0x080016e5   Thumb Code    26  cjson.o(.text)
    get_decimal_point                        0x08001753   Thumb Code     4  cjson.o(.text)
    parse_number                             0x08001757   Thumb Code   298  cjson.o(.text)
    ensure                                   0x0800193f   Thumb Code   236  cjson.o(.text)
    update_offset                            0x08001a2b   Thumb Code    36  cjson.o(.text)
    compare_double                           0x08001a4f   Thumb Code   112  cjson.o(.text)
    print_number                             0x08001abf   Thumb Code   304  cjson.o(.text)
    parse_hex4                               0x08001bef   Thumb Code    90  cjson.o(.text)
    utf16_literal_to_utf8                    0x08001c49   Thumb Code   300  cjson.o(.text)
    parse_string                             0x08001d75   Thumb Code   436  cjson.o(.text)
    print_string_ptr                         0x08001f29   Thumb Code   360  cjson.o(.text)
    print_string                             0x08002091   Thumb Code    16  cjson.o(.text)
    buffer_skip_whitespace                   0x080020a1   Thumb Code    72  cjson.o(.text)
    skip_utf8_bom                            0x080020e9   Thumb Code    56  cjson.o(.text)
    parse_object                             0x08002121   Thumb Code   318  cjson.o(.text)
    parse_array                              0x0800225f   Thumb Code   266  cjson.o(.text)
    parse_value                              0x08002369   Thumb Code   292  cjson.o(.text)
    print_object                             0x080025a5   Thumb Code   372  cjson.o(.text)
    print_array                              0x08002719   Thumb Code   204  cjson.o(.text)
    print_value                              0x080027e5   Thumb Code   242  cjson.o(.text)
    print                                    0x080028d7   Thumb Code   178  cjson.o(.text)
    get_array_item                           0x08002a5f   Thumb Code    30  cjson.o(.text)
    get_object_item                          0x08002a95   Thumb Code    82  cjson.o(.text)
    suffix_object                            0x08002b23   Thumb Code     6  cjson.o(.text)
    create_reference                         0x08002b29   Thumb Code    60  cjson.o(.text)
    add_item_to_array                        0x08002b65   Thumb Code    54  cjson.o(.text)
    cast_away_const                          0x08002bab   Thumb Code     2  cjson.o(.text)
    add_item_to_object                       0x08002bad   Thumb Code   122  cjson.o(.text)
    replace_item_in_object                   0x0800313b   Thumb Code   106  cjson.o(.text)
    skip_oneline_comment                     0x08003497   Thumb Code    42  cjson.o(.text)
    skip_multiline_comment                   0x080034c1   Thumb Code    50  cjson.o(.text)
    minify_string                            0x080034f3   Thumb Code   116  cjson.o(.text)
    .text                                    0x08003848   Section        0  channeliic.o(.text)
    .text                                    0x08003a78   Section        0  led.o(.text)
    .text                                    0x08003aac   Section        0  myiic.o(.text)
    .text                                    0x08003e30   Section        0  max30102.o(.text)
    .text                                    0x08004128   Section        0  algorithm.o(.text)
    .text                                    0x080047cc   Section        0  delay.o(.text)
    .text                                    0x080048a0   Section        0  sys.o(.text)
    .text                                    0x080048ac   Section       36  startup_stm32f10x_md.o(.text)
    .text                                    0x080048d0   Section        0  stm32f10x_gpio.o(.text)
    .text                                    0x08004c2c   Section        0  stm32f10x_rcc.o(.text)
    .text                                    0x08004fd0   Section        0  stm32f10x_usart.o(.text)
    .text                                    0x080053d8   Section        0  misc.o(.text)
    .text                                    0x080054b4   Section        0  tolower.o(.text)
    .text                                    0x080054c0   Section        0  memcpya.o(.text)
    .text                                    0x080054e4   Section        0  memseta.o(.text)
    .text                                    0x08005508   Section        0  strstr.o(.text)
    .text                                    0x0800552c   Section        0  strchr.o(.text)
    .text                                    0x08005540   Section        0  strlen.o(.text)
    .text                                    0x0800554e   Section        0  strcmp.o(.text)
    .text                                    0x0800556a   Section        0  strcpy.o(.text)
    .text                                    0x0800557c   Section        0  strncmp.o(.text)
    .text                                    0x0800559c   Section        0  __0sscanf.o(.text)
    .text                                    0x080055d4   Section        0  scanf_fp.o(.text)
    _fp_value                                0x080055d5   Thumb Code   256  scanf_fp.o(.text)
    .text                                    0x0800590c   Section        0  fmul.o(.text)
    .text                                    0x08005970   Section        0  fdiv.o(.text)
    .text                                    0x080059ec   Section        0  dadd.o(.text)
    .text                                    0x08005b3a   Section        0  dmul.o(.text)
    .text                                    0x08005c1e   Section        0  ffltui.o(.text)
    .text                                    0x08005c28   Section        0  dflti.o(.text)
    .text                                    0x08005c4a   Section        0  dfltui.o(.text)
    .text                                    0x08005c64   Section        0  ffixi.o(.text)
    .text                                    0x08005c96   Section        0  dfixi.o(.text)
    .text                                    0x08005cd4   Section        0  f2d.o(.text)
    .text                                    0x08005cfc   Section       48  cdcmple.o(.text)
    .text                                    0x08005d2c   Section       48  cdrcmple.o(.text)
    .text                                    0x08005d5c   Section        0  d2f.o(.text)
    .text                                    0x08005d94   Section        0  uidiv.o(.text)
    .text                                    0x08005dc0   Section        0  uldiv.o(.text)
    .text                                    0x08005e22   Section        0  llshl.o(.text)
    .text                                    0x08005e40   Section        0  llushr.o(.text)
    .text                                    0x08005e60   Section        0  llsshr.o(.text)
    .text                                    0x08005e84   Section        0  scanf_char.o(.text)
    _scanf_char_input                        0x08005e85   Thumb Code    12  scanf_char.o(.text)
    .text                                    0x08005eac   Section        0  _sgetc.o(.text)
    .text                                    0x08005eec   Section        0  strtod.o(.text)
    _local_sscanf                            0x08005eed   Thumb Code    54  strtod.o(.text)
    .text                                    0x08005f88   Section        0  fepilogue.o(.text)
    .text                                    0x08005f88   Section        0  iusefp.o(.text)
    .text                                    0x08005ff6   Section        0  depilogue.o(.text)
    .text                                    0x080060b0   Section        0  ddiv.o(.text)
    .text                                    0x0800618e   Section        0  dfltul.o(.text)
    .text                                    0x080061a6   Section        0  dfixul.o(.text)
    .text                                    0x080061d8   Section       36  init.o(.text)
    .text                                    0x080061fc   Section        0  isspace_c.o(.text)
    .text                                    0x08006208   Section        0  _scanf.o(.text)
    .text                                    0x08006534   Section        0  ctype_c.o(.text)
    i.__0printf                              0x0800655c   Section        0  printfa.o(i.__0printf)
    i.__0sprintf                             0x0800657c   Section        0  printfa.o(i.__0sprintf)
    i.__free$realloc                         0x080065a4   Section        0  mallocr.o(i.__free$realloc)
    i.__malloc$realloc                       0x08006600   Section        0  mallocr.o(i.__malloc$realloc)
    i.__scatterload_copy                     0x08006650   Section       14  handlers.o(i.__scatterload_copy)
    i.__scatterload_null                     0x0800665e   Section        2  handlers.o(i.__scatterload_null)
    i.__scatterload_zeroinit                 0x08006660   Section       14  handlers.o(i.__scatterload_zeroinit)
    i._fp_digits                             0x08006670   Section        0  printfa.o(i._fp_digits)
    _fp_digits                               0x08006671   Thumb Code   334  printfa.o(i._fp_digits)
    i._is_digit                              0x080067d4   Section        0  scanf_fp.o(i._is_digit)
    i._printf_core                           0x080067e4   Section        0  printfa.o(i._printf_core)
    _printf_core                             0x080067e5   Thumb Code  1744  printfa.o(i._printf_core)
    i._printf_post_padding                   0x08006ec0   Section        0  printfa.o(i._printf_post_padding)
    _printf_post_padding                     0x08006ec1   Thumb Code    36  printfa.o(i._printf_post_padding)
    i._printf_pre_padding                    0x08006ee4   Section        0  printfa.o(i._printf_pre_padding)
    _printf_pre_padding                      0x08006ee5   Thumb Code    46  printfa.o(i._printf_pre_padding)
    i._sputc                                 0x08006f12   Section        0  printfa.o(i._sputc)
    _sputc                                   0x08006f13   Thumb Code    10  printfa.o(i._sputc)
    i.internal_alloc                         0x08006f1c   Section        0  mallocr.o(i.internal_alloc)
    internal_alloc                           0x08006f1d   Thumb Code    76  mallocr.o(i.internal_alloc)
    i.realloc                                0x08006f6c   Section        0  mallocr.o(i.realloc)
    i.strtod                                 0x08006fd8   Section        0  strtod.o(i.strtod)
    .constdata                               0x08006ff4   Section      246  algorithm.o(.constdata)
    .constdata                               0x080070ea   Section       64  ctype_c.o(.constdata)
    .conststring                             0x0800712c   Section      623  main.o(.conststring)
    .data                                    0x20000000   Section      116  main.o(.data)
    .data                                    0x20000074   Section       20  system_stm32f10x.o(.data)
    .data                                    0x20000088   Section       20  cjson.o(.data)
    global_error                             0x20000088   Data           8  cjson.o(.data)
    global_hooks                             0x20000090   Data          12  cjson.o(.data)
    .data                                    0x2000009c   Section        4  delay.o(.data)
    fac_us                                   0x2000009c   Data           1  delay.o(.data)
    fac_ms                                   0x2000009e   Data           2  delay.o(.data)
    .data                                    0x200000a0   Section       20  stm32f10x_rcc.o(.data)
    APBAHBPrescTable                         0x200000a0   Data          16  stm32f10x_rcc.o(.data)
    ADCPrescTable                            0x200000b0   Data           4  stm32f10x_rcc.o(.data)
    .data                                    0x200000b4   Section        4  mvars.o(.data)
    .data                                    0x200000b8   Section        4  mvars.o(.data)
    .bss                                     0x200000bc   Section     6296  main.o(.bss)
    .bss                                     0x20001954   Section       15  cjson.o(.bss)
    version                                  0x20001954   Data          15  cjson.o(.bss)
    .bss                                     0x20001964   Section     5984  algorithm.o(.bss)
    an_dx                                    0x20001964   Data        1984  algorithm.o(.bss)
    an_x                                     0x20002124   Data        2000  algorithm.o(.bss)
    an_y                                     0x200028f4   Data        2000  algorithm.o(.bss)
    HEAP                                     0x200030c8   Section     8192  startup_stm32f10x_md.o(HEAP)
    STACK                                    0x200050c8   Section     1024  startup_stm32f10x_md.o(STACK)

    Global Symbols

    Symbol Name                              Value     Ov Type        Size  Object(Section)

    BuildAttributes$$THM_ISAv4$P$D$K$B$S$PE$A:L22UL41UL21$X:L11$S22US41US21$IEEE1$IW$USESV6$~STKCKD$USESV7$~SHL$OTIME$ROPI$IEEEJ$EBA8$MICROLIB$REQ8$PRES8$EABIv2 0x00000000   Number         0  anon$$obj.o ABSOLUTE
    __ARM_use_no_argv                        0x00000000   Number         0  main.o ABSOLUTE
    __use_no_errno                           0x00000000   Number         0  useno.o ABSOLUTE
    __use_no_exception_handling              0x00000000   Number         0  useno.o ABSOLUTE
    __use_no_fp                              0x00000000   Number         0  useno.o ABSOLUTE
    __use_no_heap                            0x00000000   Number         0  useno.o ABSOLUTE
    __use_no_heap_region                     0x00000000   Number         0  useno.o ABSOLUTE
    __use_no_semihosting                     0x00000000   Number         0  useno.o ABSOLUTE
    __use_no_semihosting_swi                 0x00000000   Number         0  useno.o ABSOLUTE
    __use_no_signal_handling                 0x00000000   Number         0  useno.o ABSOLUTE
    _printf_a                                0x00000000   Number         0  stubs.o ABSOLUTE
    _printf_c                                0x00000000   Number         0  stubs.o ABSOLUTE
    _printf_charcount                        0x00000000   Number         0  stubs.o ABSOLUTE
    _printf_d                                0x00000000   Number         0  stubs.o ABSOLUTE
    _printf_e                                0x00000000   Number         0  stubs.o ABSOLUTE
    _printf_f                                0x00000000   Number         0  stubs.o ABSOLUTE
    _printf_flags                            0x00000000   Number         0  stubs.o ABSOLUTE
    _printf_fp_dec                           0x00000000   Number         0  stubs.o ABSOLUTE
    _printf_fp_hex                           0x00000000   Number         0  stubs.o ABSOLUTE
    _printf_g                                0x00000000   Number         0  stubs.o ABSOLUTE
    _printf_i                                0x00000000   Number         0  stubs.o ABSOLUTE
    _printf_int_dec                          0x00000000   Number         0  stubs.o ABSOLUTE
    _printf_l                                0x00000000   Number         0  stubs.o ABSOLUTE
    _printf_lc                               0x00000000   Number         0  stubs.o ABSOLUTE
    _printf_ll                               0x00000000   Number         0  stubs.o ABSOLUTE
    _printf_lld                              0x00000000   Number         0  stubs.o ABSOLUTE
    _printf_lli                              0x00000000   Number         0  stubs.o ABSOLUTE
    _printf_llo                              0x00000000   Number         0  stubs.o ABSOLUTE
    _printf_llu                              0x00000000   Number         0  stubs.o ABSOLUTE
    _printf_llx                              0x00000000   Number         0  stubs.o ABSOLUTE
    _printf_longlong_dec                     0x00000000   Number         0  stubs.o ABSOLUTE
    _printf_longlong_hex                     0x00000000   Number         0  stubs.o ABSOLUTE
    _printf_longlong_oct                     0x00000000   Number         0  stubs.o ABSOLUTE
    _printf_ls                               0x00000000   Number         0  stubs.o ABSOLUTE
    _printf_mbtowc                           0x00000000   Number         0  stubs.o ABSOLUTE
    _printf_n                                0x00000000   Number         0  stubs.o ABSOLUTE
    _printf_o                                0x00000000   Number         0  stubs.o ABSOLUTE
    _printf_p                                0x00000000   Number         0  stubs.o ABSOLUTE
    _printf_percent                          0x00000000   Number         0  stubs.o ABSOLUTE
    _printf_pre_padding                      0x00000000   Number         0  stubs.o ABSOLUTE
    _printf_return_value                     0x00000000   Number         0  stubs.o ABSOLUTE
    _printf_s                                0x00000000   Number         0  stubs.o ABSOLUTE
    _printf_sizespec                         0x00000000   Number         0  stubs.o ABSOLUTE
    _printf_str                              0x00000000   Number         0  stubs.o ABSOLUTE
    _printf_truncate_signed                  0x00000000   Number         0  stubs.o ABSOLUTE
    _printf_truncate_unsigned                0x00000000   Number         0  stubs.o ABSOLUTE
    _printf_u                                0x00000000   Number         0  stubs.o ABSOLUTE
    _printf_wc                               0x00000000   Number         0  stubs.o ABSOLUTE
    _printf_wctomb                           0x00000000   Number         0  stubs.o ABSOLUTE
    _printf_widthprec                        0x00000000   Number         0  stubs.o ABSOLUTE
    _printf_x                                0x00000000   Number         0  stubs.o ABSOLUTE
    __cpp_initialize__aeabi_                  - Undefined Weak Reference
    __cxa_finalize                            - Undefined Weak Reference
    __decompress                              - Undefined Weak Reference
    _clock_init                               - Undefined Weak Reference
    _microlib_exit                            - Undefined Weak Reference
    _scanf_int                                - Undefined Weak Reference
    _scanf_longlong                           - Undefined Weak Reference
    _scanf_string                             - Undefined Weak Reference
    __Vectors_Size                           0x000000ec   Number         0  startup_stm32f10x_md.o ABSOLUTE
    __Vectors                                0x08000000   Data           4  startup_stm32f10x_md.o(RESET)
    __Vectors_End                            0x080000ec   Data           0  startup_stm32f10x_md.o(RESET)
    __main                                   0x080000ed   Thumb Code     0  entry.o(.ARM.Collect$$$$00000000)
    _main_stk                                0x080000ed   Thumb Code     0  entry2.o(.ARM.Collect$$$$00000001)
    _main_scatterload                        0x080000f1   Thumb Code     0  entry5.o(.ARM.Collect$$$$00000004)
    __main_after_scatterload                 0x080000f5   Thumb Code     0  entry5.o(.ARM.Collect$$$$00000004)
    _main_clock                              0x080000f5   Thumb Code     0  entry7b.o(.ARM.Collect$$$$00000008)
    _main_cpp_init                           0x080000f5   Thumb Code     0  entry8b.o(.ARM.Collect$$$$0000000A)
    _main_init                               0x080000f5   Thumb Code     0  entry9a.o(.ARM.Collect$$$$0000000B)
    __rt_final_cpp                           0x080000fd   Thumb Code     0  entry10a.o(.ARM.Collect$$$$0000000D)
    __rt_final_exit                          0x080000fd   Thumb Code     0  entry11a.o(.ARM.Collect$$$$0000000F)
    USART1_Config                            0x08000101   Thumb Code   154  main.o(.text)
    USART2_Config                            0x0800019b   Thumb Code   158  main.o(.text)
    USART1_IRQHandler                        0x08000239   Thumb Code    34  main.o(.text)
    remove_substring                         0x0800025b   Thumb Code    86  main.o(.text)
    USART_SendData_u8                        0x080002b1   Thumb Code    30  main.o(.text)
    USART_SendString                         0x080002cf   Thumb Code    26  main.o(.text)
    MA51TXX_WriteOneByte                     0x080002e9   Thumb Code    94  main.o(.text)
    doublechannel                            0x08000347   Thumb Code    28  main.o(.text)
    Massage_Mode_process                     0x08000363   Thumb Code   296  main.o(.text)
    parse_json                               0x0800048b   Thumb Code   680  main.o(.text)
    USART2_IRQHandler                        0x08000733   Thumb Code   184  main.o(.text)
    _sys_exit                                0x080007eb   Thumb Code     4  main.o(.text)
    fputc                                    0x080007ef   Thumb Code    24  main.o(.text)
    DHT11_DATA_upload                        0x08000807   Thumb Code   126  main.o(.text)
    MAX30102_dataprocess                     0x08000885   Thumb Code   648  main.o(.text)
    main                                     0x08000b0d   Thumb Code   802  main.o(.text)
    NMI_Handler                              0x08000ead   Thumb Code     2  stm32f10x_it.o(.text)
    HardFault_Handler                        0x08000eaf   Thumb Code     4  stm32f10x_it.o(.text)
    MemManage_Handler                        0x08000eb3   Thumb Code     4  stm32f10x_it.o(.text)
    BusFault_Handler                         0x08000eb7   Thumb Code     4  stm32f10x_it.o(.text)
    UsageFault_Handler                       0x08000ebb   Thumb Code     4  stm32f10x_it.o(.text)
    SVC_Handler                              0x08000ebf   Thumb Code     2  stm32f10x_it.o(.text)
    DebugMon_Handler                         0x08000ec1   Thumb Code     2  stm32f10x_it.o(.text)
    PendSV_Handler                           0x08000ec3   Thumb Code     2  stm32f10x_it.o(.text)
    SysTick_Handler                          0x08000ec5   Thumb Code     2  stm32f10x_it.o(.text)
    SystemInit                               0x08000fa7   Thumb Code    78  system_stm32f10x.o(.text)
    SystemCoreClockUpdate                    0x08000ff5   Thumb Code   142  system_stm32f10x.o(.text)
    delay_us1                                0x080010a9   Thumb Code    30  dht11.o(.text)
    delay_ms1                                0x080010c7   Thumb Code    32  dht11.o(.text)
    DHT11_Rst                                0x080010e7   Thumb Code    52  dht11.o(.text)
    DHT11_Check                              0x0800111b   Thumb Code    88  dht11.o(.text)
    DHT11_Read_Bit                           0x08001173   Thumb Code    76  dht11.o(.text)
    DHT11_Read_Byte                          0x080011bf   Thumb Code    30  dht11.o(.text)
    DHT11_Read_Data                          0x080011dd   Thumb Code   110  dht11.o(.text)
    DHT11_Init                               0x0800124b   Thumb Code    54  dht11.o(.text)
    initQueue                                0x0800128d   Thumb Code     8  quene.o(.text)
    enqueue                                  0x08001295   Thumb Code    50  quene.o(.text)
    dequeue                                  0x080012c7   Thumb Code    44  quene.o(.text)
    printQueue                               0x080012f3   Thumb Code    26  quene.o(.text)
    average                                  0x0800130d   Thumb Code    52  quene.o(.text)
    findMode                                 0x08001341   Thumb Code    72  quene.o(.text)
    findMedian                               0x08001389   Thumb Code   180  quene.o(.text)
    findGreaterNumbers                       0x0800143d   Thumb Code   174  quene.o(.text)
    findSmallerNumbers                       0x080014eb   Thumb Code   174  quene.o(.text)
    cJSON_GetErrorPtr                        0x08001599   Thumb Code    12  cjson.o(.text)
    cJSON_IsString                           0x080015a5   Thumb Code    22  cjson.o(.text)
    cJSON_GetStringValue                     0x080015bb   Thumb Code    20  cjson.o(.text)
    cJSON_IsNumber                           0x080015cf   Thumb Code    22  cjson.o(.text)
    cJSON_GetNumberValue                     0x080015e5   Thumb Code    24  cjson.o(.text)
    cJSON_Version                            0x080015fd   Thumb Code    22  cjson.o(.text)
    cJSON_InitHooks                          0x08001693   Thumb Code    82  cjson.o(.text)
    cJSON_Delete                             0x080016ff   Thumb Code    84  cjson.o(.text)
    cJSON_SetNumberHelper                    0x08001881   Thumb Code    72  cjson.o(.text)
    cJSON_free                               0x080018c9   Thumb Code    14  cjson.o(.text)
    cJSON_SetValuestring                     0x080018d7   Thumb Code   104  cjson.o(.text)
    cJSON_ParseWithLengthOpts                0x0800248d   Thumb Code   204  cjson.o(.text)
    cJSON_ParseWithOpts                      0x08002559   Thumb Code    40  cjson.o(.text)
    cJSON_Parse                              0x08002581   Thumb Code    16  cjson.o(.text)
    cJSON_ParseWithLength                    0x08002591   Thumb Code    20  cjson.o(.text)
    cJSON_Print                              0x08002989   Thumb Code    16  cjson.o(.text)
    cJSON_PrintUnformatted                   0x08002999   Thumb Code    16  cjson.o(.text)
    cJSON_PrintBuffered                      0x080029a9   Thumb Code    90  cjson.o(.text)
    cJSON_PrintPreallocated                  0x08002a03   Thumb Code    64  cjson.o(.text)
    cJSON_GetArraySize                       0x08002a43   Thumb Code    28  cjson.o(.text)
    cJSON_GetArrayItem                       0x08002a7d   Thumb Code    24  cjson.o(.text)
    cJSON_GetObjectItem                      0x08002ae7   Thumb Code    18  cjson.o(.text)
    cJSON_GetObjectItemCaseSensitive         0x08002af9   Thumb Code    18  cjson.o(.text)
    cJSON_HasObjectItem                      0x08002b0b   Thumb Code    24  cjson.o(.text)
    cJSON_AddItemToArray                     0x08002b9b   Thumb Code    16  cjson.o(.text)
    cJSON_AddItemToObject                    0x08002c27   Thumb Code    26  cjson.o(.text)
    cJSON_AddItemToObjectCS                  0x08002c41   Thumb Code    26  cjson.o(.text)
    cJSON_AddItemReferenceToArray            0x08002c5b   Thumb Code    32  cjson.o(.text)
    cJSON_AddItemReferenceToObject           0x08002c7b   Thumb Code    44  cjson.o(.text)
    cJSON_CreateNull                         0x08002ca7   Thumb Code    20  cjson.o(.text)
    cJSON_AddNullToObject                    0x08002cbb   Thumb Code    44  cjson.o(.text)
    cJSON_CreateTrue                         0x08002ce7   Thumb Code    20  cjson.o(.text)
    cJSON_AddTrueToObject                    0x08002cfb   Thumb Code    44  cjson.o(.text)
    cJSON_CreateFalse                        0x08002d27   Thumb Code    20  cjson.o(.text)
    cJSON_AddFalseToObject                   0x08002d3b   Thumb Code    44  cjson.o(.text)
    cJSON_CreateBool                         0x08002d67   Thumb Code    34  cjson.o(.text)
    cJSON_AddBoolToObject                    0x08002d89   Thumb Code    48  cjson.o(.text)
    cJSON_CreateNumber                       0x08002db9   Thumb Code    82  cjson.o(.text)
    cJSON_AddNumberToObject                  0x08002e0b   Thumb Code    56  cjson.o(.text)
    cJSON_CreateString                       0x08002e43   Thumb Code    46  cjson.o(.text)
    cJSON_AddStringToObject                  0x08002e71   Thumb Code    48  cjson.o(.text)
    cJSON_CreateRaw                          0x08002ea1   Thumb Code    46  cjson.o(.text)
    cJSON_AddRawToObject                     0x08002ecf   Thumb Code    48  cjson.o(.text)
    cJSON_CreateObject                       0x08002eff   Thumb Code    20  cjson.o(.text)
    cJSON_AddObjectToObject                  0x08002f13   Thumb Code    44  cjson.o(.text)
    cJSON_CreateArray                        0x08002f3f   Thumb Code    20  cjson.o(.text)
    cJSON_AddArrayToObject                   0x08002f53   Thumb Code    44  cjson.o(.text)
    cJSON_DetachItemViaPointer               0x08002f7f   Thumb Code    64  cjson.o(.text)
    cJSON_DetachItemFromArray                0x08002fbf   Thumb Code    34  cjson.o(.text)
    cJSON_DeleteItemFromArray                0x08002fe1   Thumb Code    22  cjson.o(.text)
    cJSON_DetachItemFromObject               0x08002ff7   Thumb Code    26  cjson.o(.text)
    cJSON_DetachItemFromObjectCaseSensitive  0x08003011   Thumb Code    26  cjson.o(.text)
    cJSON_DeleteItemFromObject               0x0800302b   Thumb Code    22  cjson.o(.text)
    cJSON_DeleteItemFromObjectCaseSensitive  0x08003041   Thumb Code    22  cjson.o(.text)
    cJSON_InsertItemInArray                  0x08003057   Thumb Code    86  cjson.o(.text)
    cJSON_ReplaceItemViaPointer              0x080030ad   Thumb Code   100  cjson.o(.text)
    cJSON_ReplaceItemInArray                 0x08003111   Thumb Code    42  cjson.o(.text)
    cJSON_ReplaceItemInObject                0x080031a5   Thumb Code    22  cjson.o(.text)
    cJSON_ReplaceItemInObjectCaseSensitive   0x080031bb   Thumb Code    22  cjson.o(.text)
    cJSON_CreateStringReference              0x080031d1   Thumb Code    32  cjson.o(.text)
    cJSON_CreateObjectReference              0x080031f1   Thumb Code    32  cjson.o(.text)
    cJSON_CreateArrayReference               0x08003211   Thumb Code    32  cjson.o(.text)
    cJSON_CreateIntArray                     0x08003231   Thumb Code   110  cjson.o(.text)
    cJSON_CreateFloatArray                   0x0800329f   Thumb Code   110  cjson.o(.text)
    cJSON_CreateDoubleArray                  0x0800330d   Thumb Code   106  cjson.o(.text)
    cJSON_CreateStringArray                  0x08003377   Thumb Code   100  cjson.o(.text)
    cJSON_Duplicate                          0x080033db   Thumb Code   188  cjson.o(.text)
    cJSON_Minify                             0x08003567   Thumb Code   160  cjson.o(.text)
    cJSON_IsInvalid                          0x08003607   Thumb Code    20  cjson.o(.text)
    cJSON_IsFalse                            0x0800361b   Thumb Code    20  cjson.o(.text)
    cJSON_IsTrue                             0x0800362f   Thumb Code    22  cjson.o(.text)
    cJSON_IsBool                             0x08003645   Thumb Code    24  cjson.o(.text)
    cJSON_IsNull                             0x0800365d   Thumb Code    22  cjson.o(.text)
    cJSON_IsArray                            0x08003673   Thumb Code    22  cjson.o(.text)
    cJSON_IsObject                           0x08003689   Thumb Code    22  cjson.o(.text)
    cJSON_IsRaw                              0x0800369f   Thumb Code    22  cjson.o(.text)
    cJSON_Compare                            0x080036b5   Thumb Code   384  cjson.o(.text)
    cJSON_malloc                             0x08003835   Thumb Code    14  cjson.o(.text)
    IIC_Init_channel                         0x08003849   Thumb Code    60  channeliic.o(.text)
    SDA_IN_channel                           0x08003885   Thumb Code    32  channeliic.o(.text)
    SDA_OUT_channel                          0x080038a5   Thumb Code    32  channeliic.o(.text)
    IIC_Start_channel                        0x080038c5   Thumb Code    46  channeliic.o(.text)
    IIC_Stop_channel                         0x080038f3   Thumb Code    50  channeliic.o(.text)
    IIC_Wait_Ack_channel                     0x08003925   Thumb Code    68  channeliic.o(.text)
    IIC_Ack_channel                          0x08003969   Thumb Code    52  channeliic.o(.text)
    IIC_NAck_channel                         0x0800399d   Thumb Code    52  channeliic.o(.text)
    IIC_Send_Byte_channel                    0x080039d1   Thumb Code    74  channeliic.o(.text)
    IIC_Read_Byte_channel                    0x08003a1b   Thumb Code    82  channeliic.o(.text)
    LED_Init                                 0x08003a79   Thumb Code    46  led.o(.text)
    IIC_Init                                 0x08003aad   Thumb Code    52  myiic.o(.text)
    IIC_Start                                0x08003ae1   Thumb Code    72  myiic.o(.text)
    IIC_Stop                                 0x08003b29   Thumb Code    66  myiic.o(.text)
    IIC_Wait_Ack                             0x08003b6b   Thumb Code    90  myiic.o(.text)
    IIC_Ack                                  0x08003bc5   Thumb Code    70  myiic.o(.text)
    IIC_NAck                                 0x08003c0b   Thumb Code    70  myiic.o(.text)
    IIC_Send_Byte                            0x08003c51   Thumb Code    94  myiic.o(.text)
    IIC_Read_Byte                            0x08003caf   Thumb Code   102  myiic.o(.text)
    IIC_WriteBytes                           0x08003d15   Thumb Code    60  myiic.o(.text)
    IIC_ReadBytes                            0x08003d51   Thumb Code    94  myiic.o(.text)
    IIC_Read_One_Byte                        0x08003daf   Thumb Code    62  myiic.o(.text)
    IIC_Write_One_Byte                       0x08003ded   Thumb Code    54  myiic.o(.text)
    max30102_Bus_Write                       0x08003e31   Thumb Code    68  max30102.o(.text)
    max30102_Bus_Read                        0x08003e75   Thumb Code    82  max30102.o(.text)
    max30102_FIFO_ReadWords                  0x08003ec7   Thumb Code   168  max30102.o(.text)
    max30102_FIFO_ReadBytes                  0x08003f6f   Thumb Code   128  max30102.o(.text)
    max30102_reset                           0x08003fef   Thumb Code    20  max30102.o(.text)
    max30102_init                            0x08004003   Thumb Code   130  max30102.o(.text)
    maxim_max30102_write_reg                 0x08004085   Thumb Code    18  max30102.o(.text)
    maxim_max30102_read_reg                  0x08004097   Thumb Code    18  max30102.o(.text)
    maxim_max30102_read_fifo                 0x080040a9   Thumb Code   124  max30102.o(.text)
    maxim_sort_ascend                        0x08004129   Thumb Code    54  algorithm.o(.text)
    maxim_sort_indices_descend               0x0800415f   Thumb Code    64  algorithm.o(.text)
    maxim_remove_close_peaks                 0x0800419f   Thumb Code   114  algorithm.o(.text)
    maxim_peaks_above_min_height             0x08004211   Thumb Code   122  algorithm.o(.text)
    maxim_find_peaks                         0x0800428b   Thumb Code    66  algorithm.o(.text)
    maxim_heart_rate_and_oxygen_saturation   0x080042cd   Thumb Code  1272  algorithm.o(.text)
    delay_init                               0x080047cd   Thumb Code    50  delay.o(.text)
    delay_us                                 0x080047ff   Thumb Code    72  delay.o(.text)
    delay_ms                                 0x08004847   Thumb Code    72  delay.o(.text)
    NVIC_Configuration                       0x080048a1   Thumb Code    12  sys.o(.text)
    Reset_Handler                            0x080048ad   Thumb Code     8  startup_stm32f10x_md.o(.text)
    ADC1_2_IRQHandler                        0x080048c7   Thumb Code     0  startup_stm32f10x_md.o(.text)
    CAN1_RX1_IRQHandler                      0x080048c7   Thumb Code     0  startup_stm32f10x_md.o(.text)
    CAN1_SCE_IRQHandler                      0x080048c7   Thumb Code     0  startup_stm32f10x_md.o(.text)
    DMA1_Channel1_IRQHandler                 0x080048c7   Thumb Code     0  startup_stm32f10x_md.o(.text)
    DMA1_Channel2_IRQHandler                 0x080048c7   Thumb Code     0  startup_stm32f10x_md.o(.text)
    DMA1_Channel3_IRQHandler                 0x080048c7   Thumb Code     0  startup_stm32f10x_md.o(.text)
    DMA1_Channel4_IRQHandler                 0x080048c7   Thumb Code     0  startup_stm32f10x_md.o(.text)
    DMA1_Channel5_IRQHandler                 0x080048c7   Thumb Code     0  startup_stm32f10x_md.o(.text)
    DMA1_Channel6_IRQHandler                 0x080048c7   Thumb Code     0  startup_stm32f10x_md.o(.text)
    DMA1_Channel7_IRQHandler                 0x080048c7   Thumb Code     0  startup_stm32f10x_md.o(.text)
    EXTI0_IRQHandler                         0x080048c7   Thumb Code     0  startup_stm32f10x_md.o(.text)
    EXTI15_10_IRQHandler                     0x080048c7   Thumb Code     0  startup_stm32f10x_md.o(.text)
    EXTI1_IRQHandler                         0x080048c7   Thumb Code     0  startup_stm32f10x_md.o(.text)
    EXTI2_IRQHandler                         0x080048c7   Thumb Code     0  startup_stm32f10x_md.o(.text)
    EXTI3_IRQHandler                         0x080048c7   Thumb Code     0  startup_stm32f10x_md.o(.text)
    EXTI4_IRQHandler                         0x080048c7   Thumb Code     0  startup_stm32f10x_md.o(.text)
    EXTI9_5_IRQHandler                       0x080048c7   Thumb Code     0  startup_stm32f10x_md.o(.text)
    FLASH_IRQHandler                         0x080048c7   Thumb Code     0  startup_stm32f10x_md.o(.text)
    I2C1_ER_IRQHandler                       0x080048c7   Thumb Code     0  startup_stm32f10x_md.o(.text)
    I2C1_EV_IRQHandler                       0x080048c7   Thumb Code     0  startup_stm32f10x_md.o(.text)
    I2C2_ER_IRQHandler                       0x080048c7   Thumb Code     0  startup_stm32f10x_md.o(.text)
    I2C2_EV_IRQHandler                       0x080048c7   Thumb Code     0  startup_stm32f10x_md.o(.text)
    PVD_IRQHandler                           0x080048c7   Thumb Code     0  startup_stm32f10x_md.o(.text)
    RCC_IRQHandler                           0x080048c7   Thumb Code     0  startup_stm32f10x_md.o(.text)
    RTCAlarm_IRQHandler                      0x080048c7   Thumb Code     0  startup_stm32f10x_md.o(.text)
    RTC_IRQHandler                           0x080048c7   Thumb Code     0  startup_stm32f10x_md.o(.text)
    SPI1_IRQHandler                          0x080048c7   Thumb Code     0  startup_stm32f10x_md.o(.text)
    SPI2_IRQHandler                          0x080048c7   Thumb Code     0  startup_stm32f10x_md.o(.text)
    TAMPER_IRQHandler                        0x080048c7   Thumb Code     0  startup_stm32f10x_md.o(.text)
    TIM1_BRK_IRQHandler                      0x080048c7   Thumb Code     0  startup_stm32f10x_md.o(.text)
    TIM1_CC_IRQHandler                       0x080048c7   Thumb Code     0  startup_stm32f10x_md.o(.text)
    TIM1_TRG_COM_IRQHandler                  0x080048c7   Thumb Code     0  startup_stm32f10x_md.o(.text)
    TIM1_UP_IRQHandler                       0x080048c7   Thumb Code     0  startup_stm32f10x_md.o(.text)
    TIM2_IRQHandler                          0x080048c7   Thumb Code     0  startup_stm32f10x_md.o(.text)
    TIM3_IRQHandler                          0x080048c7   Thumb Code     0  startup_stm32f10x_md.o(.text)
    TIM4_IRQHandler                          0x080048c7   Thumb Code     0  startup_stm32f10x_md.o(.text)
    USART3_IRQHandler                        0x080048c7   Thumb Code     0  startup_stm32f10x_md.o(.text)
    USBWakeUp_IRQHandler                     0x080048c7   Thumb Code     0  startup_stm32f10x_md.o(.text)
    USB_HP_CAN1_TX_IRQHandler                0x080048c7   Thumb Code     0  startup_stm32f10x_md.o(.text)
    USB_LP_CAN1_RX0_IRQHandler               0x080048c7   Thumb Code     0  startup_stm32f10x_md.o(.text)
    WWDG_IRQHandler                          0x080048c7   Thumb Code     0  startup_stm32f10x_md.o(.text)
    GPIO_DeInit                              0x080048d1   Thumb Code   172  stm32f10x_gpio.o(.text)
    GPIO_AFIODeInit                          0x0800497d   Thumb Code    20  stm32f10x_gpio.o(.text)
    GPIO_Init                                0x08004991   Thumb Code   278  stm32f10x_gpio.o(.text)
    GPIO_StructInit                          0x08004aa7   Thumb Code    16  stm32f10x_gpio.o(.text)
    GPIO_ReadInputDataBit                    0x08004ab7   Thumb Code    18  stm32f10x_gpio.o(.text)
    GPIO_ReadInputData                       0x08004ac9   Thumb Code     8  stm32f10x_gpio.o(.text)
    GPIO_ReadOutputDataBit                   0x08004ad1   Thumb Code    18  stm32f10x_gpio.o(.text)
    GPIO_ReadOutputData                      0x08004ae3   Thumb Code     8  stm32f10x_gpio.o(.text)
    GPIO_SetBits                             0x08004aeb   Thumb Code     4  stm32f10x_gpio.o(.text)
    GPIO_ResetBits                           0x08004aef   Thumb Code     4  stm32f10x_gpio.o(.text)
    GPIO_WriteBit                            0x08004af3   Thumb Code    10  stm32f10x_gpio.o(.text)
    GPIO_Write                               0x08004afd   Thumb Code     4  stm32f10x_gpio.o(.text)
    GPIO_PinLockConfig                       0x08004b01   Thumb Code    18  stm32f10x_gpio.o(.text)
    GPIO_EventOutputConfig                   0x08004b13   Thumb Code    26  stm32f10x_gpio.o(.text)
    GPIO_EventOutputCmd                      0x08004b2d   Thumb Code     6  stm32f10x_gpio.o(.text)
    GPIO_PinRemapConfig                      0x08004b33   Thumb Code   138  stm32f10x_gpio.o(.text)
    GPIO_EXTILineConfig                      0x08004bbd   Thumb Code    66  stm32f10x_gpio.o(.text)
    GPIO_ETH_MediaInterfaceConfig            0x08004bff   Thumb Code     8  stm32f10x_gpio.o(.text)
    RCC_DeInit                               0x08004c2d   Thumb Code    64  stm32f10x_rcc.o(.text)
    RCC_HSEConfig                            0x08004c6d   Thumb Code    70  stm32f10x_rcc.o(.text)
    RCC_GetFlagStatus                        0x08004cb3   Thumb Code    56  stm32f10x_rcc.o(.text)
    RCC_WaitForHSEStartUp                    0x08004ceb   Thumb Code    56  stm32f10x_rcc.o(.text)
    RCC_AdjustHSICalibrationValue            0x08004d23   Thumb Code    20  stm32f10x_rcc.o(.text)
    RCC_HSICmd                               0x08004d37   Thumb Code     6  stm32f10x_rcc.o(.text)
    RCC_PLLConfig                            0x08004d3d   Thumb Code    24  stm32f10x_rcc.o(.text)
    RCC_PLLCmd                               0x08004d55   Thumb Code     6  stm32f10x_rcc.o(.text)
    RCC_SYSCLKConfig                         0x08004d5b   Thumb Code    18  stm32f10x_rcc.o(.text)
    RCC_GetSYSCLKSource                      0x08004d6d   Thumb Code    10  stm32f10x_rcc.o(.text)
    RCC_HCLKConfig                           0x08004d77   Thumb Code    18  stm32f10x_rcc.o(.text)
    RCC_PCLK1Config                          0x08004d89   Thumb Code    18  stm32f10x_rcc.o(.text)
    RCC_PCLK2Config                          0x08004d9b   Thumb Code    20  stm32f10x_rcc.o(.text)
    RCC_ITConfig                             0x08004daf   Thumb Code    26  stm32f10x_rcc.o(.text)
    RCC_USBCLKConfig                         0x08004dc9   Thumb Code     8  stm32f10x_rcc.o(.text)
    RCC_ADCCLKConfig                         0x08004dd1   Thumb Code    18  stm32f10x_rcc.o(.text)
    RCC_LSEConfig                            0x08004de3   Thumb Code    50  stm32f10x_rcc.o(.text)
    RCC_LSICmd                               0x08004e15   Thumb Code     6  stm32f10x_rcc.o(.text)
    RCC_RTCCLKConfig                         0x08004e1b   Thumb Code    12  stm32f10x_rcc.o(.text)
    RCC_RTCCLKCmd                            0x08004e27   Thumb Code     8  stm32f10x_rcc.o(.text)
    RCC_GetClocksFreq                        0x08004e2f   Thumb Code   192  stm32f10x_rcc.o(.text)
    RCC_AHBPeriphClockCmd                    0x08004eef   Thumb Code    26  stm32f10x_rcc.o(.text)
    RCC_APB2PeriphClockCmd                   0x08004f09   Thumb Code    26  stm32f10x_rcc.o(.text)
    RCC_APB1PeriphClockCmd                   0x08004f23   Thumb Code    26  stm32f10x_rcc.o(.text)
    RCC_APB2PeriphResetCmd                   0x08004f3d   Thumb Code    26  stm32f10x_rcc.o(.text)
    RCC_APB1PeriphResetCmd                   0x08004f57   Thumb Code    26  stm32f10x_rcc.o(.text)
    RCC_BackupResetCmd                       0x08004f71   Thumb Code     8  stm32f10x_rcc.o(.text)
    RCC_ClockSecuritySystemCmd               0x08004f79   Thumb Code     6  stm32f10x_rcc.o(.text)
    RCC_MCOConfig                            0x08004f7f   Thumb Code     6  stm32f10x_rcc.o(.text)
    RCC_ClearFlag                            0x08004f85   Thumb Code    14  stm32f10x_rcc.o(.text)
    RCC_GetITStatus                          0x08004f93   Thumb Code    20  stm32f10x_rcc.o(.text)
    RCC_ClearITPendingBit                    0x08004fa7   Thumb Code     6  stm32f10x_rcc.o(.text)
    USART_DeInit                             0x08004fd1   Thumb Code   134  stm32f10x_usart.o(.text)
    USART_Init                               0x08005057   Thumb Code   210  stm32f10x_usart.o(.text)
    USART_StructInit                         0x08005129   Thumb Code    24  stm32f10x_usart.o(.text)
    USART_ClockInit                          0x08005141   Thumb Code    34  stm32f10x_usart.o(.text)
    USART_ClockStructInit                    0x08005163   Thumb Code    12  stm32f10x_usart.o(.text)
    USART_Cmd                                0x0800516f   Thumb Code    24  stm32f10x_usart.o(.text)
    USART_ITConfig                           0x08005187   Thumb Code    74  stm32f10x_usart.o(.text)
    USART_DMACmd                             0x080051d1   Thumb Code    18  stm32f10x_usart.o(.text)
    USART_SetAddress                         0x080051e3   Thumb Code    18  stm32f10x_usart.o(.text)
    USART_WakeUpConfig                       0x080051f5   Thumb Code    18  stm32f10x_usart.o(.text)
    USART_ReceiverWakeUpCmd                  0x08005207   Thumb Code    24  stm32f10x_usart.o(.text)
    USART_LINBreakDetectLengthConfig         0x0800521f   Thumb Code    18  stm32f10x_usart.o(.text)
    USART_LINCmd                             0x08005231   Thumb Code    24  stm32f10x_usart.o(.text)
    USART_SendData                           0x08005249   Thumb Code     8  stm32f10x_usart.o(.text)
    USART_ReceiveData                        0x08005251   Thumb Code    10  stm32f10x_usart.o(.text)
    USART_SendBreak                          0x0800525b   Thumb Code    10  stm32f10x_usart.o(.text)
    USART_SetGuardTime                       0x08005265   Thumb Code    16  stm32f10x_usart.o(.text)
    USART_SetPrescaler                       0x08005275   Thumb Code    16  stm32f10x_usart.o(.text)
    USART_SmartCardCmd                       0x08005285   Thumb Code    24  stm32f10x_usart.o(.text)
    USART_SmartCardNACKCmd                   0x0800529d   Thumb Code    24  stm32f10x_usart.o(.text)
    USART_HalfDuplexCmd                      0x080052b5   Thumb Code    24  stm32f10x_usart.o(.text)
    USART_OverSampling8Cmd                   0x080052cd   Thumb Code    22  stm32f10x_usart.o(.text)
    USART_OneBitMethodCmd                    0x080052e3   Thumb Code    24  stm32f10x_usart.o(.text)
    USART_IrDAConfig                         0x080052fb   Thumb Code    18  stm32f10x_usart.o(.text)
    USART_IrDACmd                            0x0800530d   Thumb Code    24  stm32f10x_usart.o(.text)
    USART_GetFlagStatus                      0x08005325   Thumb Code    26  stm32f10x_usart.o(.text)
    USART_ClearFlag                          0x0800533f   Thumb Code    18  stm32f10x_usart.o(.text)
    USART_GetITStatus                        0x08005351   Thumb Code    84  stm32f10x_usart.o(.text)
    USART_ClearITPendingBit                  0x080053a5   Thumb Code    52  stm32f10x_usart.o(.text)
    NVIC_PriorityGroupConfig                 0x080053d9   Thumb Code    10  misc.o(.text)
    NVIC_Init                                0x080053e3   Thumb Code   100  misc.o(.text)
    NVIC_SetVectorTable                      0x08005447   Thumb Code    14  misc.o(.text)
    NVIC_SystemLPConfig                      0x08005455   Thumb Code    34  misc.o(.text)
    SysTick_CLKSourceConfig                  0x08005477   Thumb Code    40  misc.o(.text)
    tolower                                  0x080054b5   Thumb Code    12  tolower.o(.text)
    __aeabi_memcpy                           0x080054c1   Thumb Code    36  memcpya.o(.text)
    __aeabi_memcpy4                          0x080054c1   Thumb Code     0  memcpya.o(.text)
    __aeabi_memcpy8                          0x080054c1   Thumb Code     0  memcpya.o(.text)
    __aeabi_memset                           0x080054e5   Thumb Code    14  memseta.o(.text)
    __aeabi_memset4                          0x080054e5   Thumb Code     0  memseta.o(.text)
    __aeabi_memset8                          0x080054e5   Thumb Code     0  memseta.o(.text)
    __aeabi_memclr                           0x080054f3   Thumb Code     4  memseta.o(.text)
    __aeabi_memclr4                          0x080054f3   Thumb Code     0  memseta.o(.text)
    __aeabi_memclr8                          0x080054f3   Thumb Code     0  memseta.o(.text)
    _memset$wrapper                          0x080054f7   Thumb Code    18  memseta.o(.text)
    strstr                                   0x08005509   Thumb Code    36  strstr.o(.text)
    strchr                                   0x0800552d   Thumb Code    20  strchr.o(.text)
    strlen                                   0x08005541   Thumb Code    14  strlen.o(.text)
    strcmp                                   0x0800554f   Thumb Code    28  strcmp.o(.text)
    strcpy                                   0x0800556b   Thumb Code    18  strcpy.o(.text)
    strncmp                                  0x0800557d   Thumb Code    30  strncmp.o(.text)
    __0sscanf                                0x0800559d   Thumb Code    48  __0sscanf.o(.text)
    _scanf_real                              0x080056d5   Thumb Code     0  scanf_fp.o(.text)
    _scanf_really_real                       0x080056d5   Thumb Code   556  scanf_fp.o(.text)
    __aeabi_fmul                             0x0800590d   Thumb Code   100  fmul.o(.text)
    __aeabi_fdiv                             0x08005971   Thumb Code   124  fdiv.o(.text)
    __aeabi_dadd                             0x080059ed   Thumb Code   322  dadd.o(.text)
    __aeabi_dsub                             0x08005b2f   Thumb Code     6  dadd.o(.text)
    __aeabi_drsub                            0x08005b35   Thumb Code     6  dadd.o(.text)
    __aeabi_dmul                             0x08005b3b   Thumb Code   228  dmul.o(.text)
    __aeabi_ui2f                             0x08005c1f   Thumb Code    10  ffltui.o(.text)
    __aeabi_i2d                              0x08005c29   Thumb Code    34  dflti.o(.text)
    __aeabi_ui2d                             0x08005c4b   Thumb Code    26  dfltui.o(.text)
    __aeabi_f2iz                             0x08005c65   Thumb Code    50  ffixi.o(.text)
    __aeabi_d2iz                             0x08005c97   Thumb Code    62  dfixi.o(.text)
    __aeabi_f2d                              0x08005cd5   Thumb Code    38  f2d.o(.text)
    __aeabi_cdcmpeq                          0x08005cfd   Thumb Code     0  cdcmple.o(.text)
    __aeabi_cdcmple                          0x08005cfd   Thumb Code    48  cdcmple.o(.text)
    __aeabi_cdrcmple                         0x08005d2d   Thumb Code    48  cdrcmple.o(.text)
    __aeabi_d2f                              0x08005d5d   Thumb Code    56  d2f.o(.text)
    __aeabi_uidiv                            0x08005d95   Thumb Code     0  uidiv.o(.text)
    __aeabi_uidivmod                         0x08005d95   Thumb Code    44  uidiv.o(.text)
    __aeabi_uldivmod                         0x08005dc1   Thumb Code    98  uldiv.o(.text)
    __aeabi_llsl                             0x08005e23   Thumb Code    30  llshl.o(.text)
    _ll_shift_l                              0x08005e23   Thumb Code     0  llshl.o(.text)
    __aeabi_llsr                             0x08005e41   Thumb Code    32  llushr.o(.text)
    _ll_ushift_r                             0x08005e41   Thumb Code     0  llushr.o(.text)
    __aeabi_lasr                             0x08005e61   Thumb Code    36  llsshr.o(.text)
    _ll_sshift_r                             0x08005e61   Thumb Code     0  llsshr.o(.text)
    __vfscanf_char                           0x08005e91   Thumb Code    20  scanf_char.o(.text)
    _sgetc                                   0x08005ead   Thumb Code    30  _sgetc.o(.text)
    _sbackspace                              0x08005ecb   Thumb Code    34  _sgetc.o(.text)
    __strtod_int                             0x08005f23   Thumb Code    88  strtod.o(.text)
    __I$use$fp                               0x08005f89   Thumb Code     0  iusefp.o(.text)
    _float_round                             0x08005f89   Thumb Code    18  fepilogue.o(.text)
    _float_epilogue                          0x08005f9b   Thumb Code    92  fepilogue.o(.text)
    _double_round                            0x08005ff7   Thumb Code    30  depilogue.o(.text)
    _double_epilogue                         0x08006015   Thumb Code   156  depilogue.o(.text)
    __aeabi_ddiv                             0x080060b1   Thumb Code   222  ddiv.o(.text)
    __aeabi_ul2d                             0x0800618f   Thumb Code    24  dfltul.o(.text)
    __aeabi_d2ulz                            0x080061a7   Thumb Code    48  dfixul.o(.text)
    __scatterload                            0x080061d9   Thumb Code    28  init.o(.text)
    __scatterload_rt2                        0x080061d9   Thumb Code     0  init.o(.text)
    isspace                                  0x080061fd   Thumb Code    10  isspace_c.o(.text)
    __vfscanf                                0x08006209   Thumb Code   808  _scanf.o(.text)
    __ctype_lookup                           0x08006535   Thumb Code    34  ctype_c.o(.text)
    __0printf                                0x0800655d   Thumb Code    22  printfa.o(i.__0printf)
    __1printf                                0x0800655d   Thumb Code     0  printfa.o(i.__0printf)
    __2printf                                0x0800655d   Thumb Code     0  printfa.o(i.__0printf)
    __c89printf                              0x0800655d   Thumb Code     0  printfa.o(i.__0printf)
    printf                                   0x0800655d   Thumb Code     0  printfa.o(i.__0printf)
    __0sprintf                               0x0800657d   Thumb Code    34  printfa.o(i.__0sprintf)
    __1sprintf                               0x0800657d   Thumb Code     0  printfa.o(i.__0sprintf)
    __2sprintf                               0x0800657d   Thumb Code     0  printfa.o(i.__0sprintf)
    __c89sprintf                             0x0800657d   Thumb Code     0  printfa.o(i.__0sprintf)
    sprintf                                  0x0800657d   Thumb Code     0  printfa.o(i.__0sprintf)
    free                                     0x080065a5   Thumb Code    88  mallocr.o(i.__free$realloc)
    malloc                                   0x08006601   Thumb Code    64  mallocr.o(i.__malloc$realloc)
    __scatterload_copy                       0x08006651   Thumb Code    14  handlers.o(i.__scatterload_copy)
    __scatterload_null                       0x0800665f   Thumb Code     2  handlers.o(i.__scatterload_null)
    __scatterload_zeroinit                   0x08006661   Thumb Code    14  handlers.o(i.__scatterload_zeroinit)
    _is_digit                                0x080067d5   Thumb Code    14  scanf_fp.o(i._is_digit)
    realloc                                  0x08006f6d   Thumb Code   102  mallocr.o(i.realloc)
    strtod                                   0x08006fd9   Thumb Code    28  strtod.o(i.strtod)
    auw_hamm                                 0x08006ff4   Data          62  algorithm.o(.constdata)
    uch_spo2_table                           0x08007032   Data         184  algorithm.o(.constdata)
    __ctype_categories                       0x080070ea   Data          64  ctype_c.o(.constdata)
    Region$$Table$$Base                      0x0800739c   Number         0  anon$$obj.o(Region$$Table)
    Region$$Table$$Limit                     0x080073bc   Number         0  anon$$obj.o(Region$$Table)
    n_ir_buffer_length                       0x20000000   Data           4  main.o(.data)
    n_sp02                                   0x20000004   Data           4  main.o(.data)
    ch_spo2_valid                            0x20000008   Data           1  main.o(.data)
    n_heart_rate                             0x2000000c   Data           4  main.o(.data)
    ch_hr_valid                              0x20000010   Data           1  main.o(.data)
    uch_dummy                                0x20000011   Data           1  main.o(.data)
    temperature                              0x20000012   Data           1  main.o(.data)
    humidity                                 0x20000013   Data           1  main.o(.data)
    temperature_little                       0x20000014   Data           1  main.o(.data)
    humidity_little                          0x20000015   Data           1  main.o(.data)
    temp_result                              0x20000018   Data           4  main.o(.data)
    hum_result                               0x2000001c   Data           4  main.o(.data)
    count                                    0x20000020   Data           4  main.o(.data)
    DefaultDatsend                           0x20000024   Data          15  main.o(.data)
    WorkMode0                                0x20000033   Data           8  main.o(.data)
    WorkMode1                                0x2000003b   Data           8  main.o(.data)
    WorkMode2                                0x20000043   Data           8  main.o(.data)
    WorkMode3                                0x2000004b   Data           8  main.o(.data)
    WorkMode4                                0x20000053   Data           8  main.o(.data)
    WorkMode5                                0x2000005b   Data           8  main.o(.data)
    WorkMode6                                0x20000063   Data           8  main.o(.data)
    json_start_flag                          0x2000006b   Data           1  main.o(.data)
    json_end_flag                            0x2000006c   Data           1  main.o(.data)
    brace_count                              0x2000006d   Data           1  main.o(.data)
    RX_WR_Index                              0x2000006e   Data           2  main.o(.data)
    __stdout                                 0x20000070   Data           4  main.o(.data)
    SystemCoreClock                          0x20000074   Data           4  system_stm32f10x.o(.data)
    AHBPrescTable                            0x20000078   Data          16  system_stm32f10x.o(.data)
    __microlib_freelist                      0x200000b4   Data           4  mvars.o(.data)
    __microlib_freelist_initialised          0x200000b8   Data           4  mvars.o(.data)
    aun_ir_buffer                            0x200000bc   Data        2000  main.o(.bss)
    aun_red_buffer                           0x2000088c   Data        2000  main.o(.bss)
    heartrate_test                           0x2000105c   Data         120  main.o(.bss)
    Spo2_test                                0x200010d4   Data         120  main.o(.bss)
    q                                        0x2000114c   Data          56  main.o(.bss)
    RX_BUF                                   0x20001184   Data        2000  main.o(.bss)
    __heap_base                              0x200030c8   Data           0  startup_stm32f10x_md.o(HEAP)
    __heap_limit                             0x200050c8   Data           0  startup_stm32f10x_md.o(HEAP)
    __initial_sp                             0x200054c8   Data           0  startup_stm32f10x_md.o(STACK)



==============================================================================

Memory Map of the image

  Image Entry point : 0x080000ed

  Load Region LR_IROM1 (Base: 0x08000000, Size: 0x00007478, Max: 0x00080000, ABSOLUTE)

    Execution Region ER_IROM1 (Base: 0x08000000, Size: 0x000073bc, Max: 0x00080000, ABSOLUTE)

    Base Addr    Size         Type   Attr      Idx    E Section Name        Object

    0x08000000   0x000000ec   Data   RO          375    RESET               startup_stm32f10x_md.o
    0x080000ec   0x00000000   Code   RO          434  * .ARM.Collect$$$$00000000  mc_w.l(entry.o)
    0x080000ec   0x00000004   Code   RO          782    .ARM.Collect$$$$00000001  mc_w.l(entry2.o)
    0x080000f0   0x00000004   Code   RO          785    .ARM.Collect$$$$00000004  mc_w.l(entry5.o)
    0x080000f4   0x00000000   Code   RO          787    .ARM.Collect$$$$00000008  mc_w.l(entry7b.o)
    0x080000f4   0x00000000   Code   RO          789    .ARM.Collect$$$$0000000A  mc_w.l(entry8b.o)
    0x080000f4   0x00000008   Code   RO          790    .ARM.Collect$$$$0000000B  mc_w.l(entry9a.o)
    0x080000fc   0x00000000   Code   RO          792    .ARM.Collect$$$$0000000D  mc_w.l(entry10a.o)
    0x080000fc   0x00000000   Code   RO          794    .ARM.Collect$$$$0000000F  mc_w.l(entry11a.o)
    0x080000fc   0x00000004   Code   RO          783    .ARM.Collect$$$$00002712  mc_w.l(entry2.o)
    0x08000100   0x00000dac   Code   RO            1    .text               main.o
    0x08000eac   0x0000001a   Code   RO           98    .text               stm32f10x_it.o
    0x08000ec6   0x00000002   PAD
    0x08000ec8   0x000001e0   Code   RO          130    .text               system_stm32f10x.o
    0x080010a8   0x000001e4   Code   RO          148    .text               dht11.o
    0x0800128c   0x0000030c   Code   RO          164    .text               quene.o
    0x08001598   0x000022b0   Code   RO          182    .text               cjson.o
    0x08003848   0x00000230   Code   RO          253    .text               channeliic.o
    0x08003a78   0x00000034   Code   RO          265    .text               led.o
    0x08003aac   0x00000384   Code   RO          277    .text               myiic.o
    0x08003e30   0x000002f8   Code   RO          289    .text               max30102.o
    0x08004128   0x000006a4   Code   RO          301    .text               algorithm.o
    0x080047cc   0x000000d4   Code   RO          336    .text               delay.o
    0x080048a0   0x0000000c   Code   RO          350    .text               sys.o
    0x080048ac   0x00000024   Code   RO          376    .text               startup_stm32f10x_md.o
    0x080048d0   0x0000035c   Code   RO          380    .text               stm32f10x_gpio.o
    0x08004c2c   0x000003a4   Code   RO          392    .text               stm32f10x_rcc.o
    0x08004fd0   0x00000408   Code   RO          406    .text               stm32f10x_usart.o
    0x080053d8   0x000000dc   Code   RO          418    .text               misc.o
    0x080054b4   0x0000000c   Code   RO          437    .text               mc_w.l(tolower.o)
    0x080054c0   0x00000024   Code   RO          439    .text               mc_w.l(memcpya.o)
    0x080054e4   0x00000024   Code   RO          441    .text               mc_w.l(memseta.o)
    0x08005508   0x00000024   Code   RO          445    .text               mc_w.l(strstr.o)
    0x0800552c   0x00000014   Code   RO          447    .text               mc_w.l(strchr.o)
    0x08005540   0x0000000e   Code   RO          449    .text               mc_w.l(strlen.o)
    0x0800554e   0x0000001c   Code   RO          451    .text               mc_w.l(strcmp.o)
    0x0800556a   0x00000012   Code   RO          453    .text               mc_w.l(strcpy.o)
    0x0800557c   0x0000001e   Code   RO          455    .text               mc_w.l(strncmp.o)
    0x0800559a   0x00000002   PAD
    0x0800559c   0x00000038   Code   RO          750    .text               mc_w.l(__0sscanf.o)
    0x080055d4   0x00000338   Code   RO          752    .text               mc_w.l(scanf_fp.o)
    0x0800590c   0x00000064   Code   RO          756    .text               mf_w.l(fmul.o)
    0x08005970   0x0000007c   Code   RO          758    .text               mf_w.l(fdiv.o)
    0x080059ec   0x0000014e   Code   RO          760    .text               mf_w.l(dadd.o)
    0x08005b3a   0x000000e4   Code   RO          762    .text               mf_w.l(dmul.o)
    0x08005c1e   0x0000000a   Code   RO          764    .text               mf_w.l(ffltui.o)
    0x08005c28   0x00000022   Code   RO          766    .text               mf_w.l(dflti.o)
    0x08005c4a   0x0000001a   Code   RO          768    .text               mf_w.l(dfltui.o)
    0x08005c64   0x00000032   Code   RO          770    .text               mf_w.l(ffixi.o)
    0x08005c96   0x0000003e   Code   RO          772    .text               mf_w.l(dfixi.o)
    0x08005cd4   0x00000026   Code   RO          774    .text               mf_w.l(f2d.o)
    0x08005cfa   0x00000002   PAD
    0x08005cfc   0x00000030   Code   RO          776    .text               mf_w.l(cdcmple.o)
    0x08005d2c   0x00000030   Code   RO          778    .text               mf_w.l(cdrcmple.o)
    0x08005d5c   0x00000038   Code   RO          780    .text               mf_w.l(d2f.o)
    0x08005d94   0x0000002c   Code   RO          796    .text               mc_w.l(uidiv.o)
    0x08005dc0   0x00000062   Code   RO          798    .text               mc_w.l(uldiv.o)
    0x08005e22   0x0000001e   Code   RO          800    .text               mc_w.l(llshl.o)
    0x08005e40   0x00000020   Code   RO          802    .text               mc_w.l(llushr.o)
    0x08005e60   0x00000024   Code   RO          804    .text               mc_w.l(llsshr.o)
    0x08005e84   0x00000028   Code   RO          808    .text               mc_w.l(scanf_char.o)
    0x08005eac   0x00000040   Code   RO          810    .text               mc_w.l(_sgetc.o)
    0x08005eec   0x0000009c   Code   RO          812    .text               mc_w.l(strtod.o)
    0x08005f88   0x00000000   Code   RO          814    .text               mc_w.l(iusefp.o)
    0x08005f88   0x0000006e   Code   RO          815    .text               mf_w.l(fepilogue.o)
    0x08005ff6   0x000000ba   Code   RO          817    .text               mf_w.l(depilogue.o)
    0x080060b0   0x000000de   Code   RO          819    .text               mf_w.l(ddiv.o)
    0x0800618e   0x00000018   Code   RO          821    .text               mf_w.l(dfltul.o)
    0x080061a6   0x00000030   Code   RO          823    .text               mf_w.l(dfixul.o)
    0x080061d6   0x00000002   PAD
    0x080061d8   0x00000024   Code   RO          825    .text               mc_w.l(init.o)
    0x080061fc   0x0000000a   Code   RO          827    .text               mc_w.l(isspace_c.o)
    0x08006206   0x00000002   PAD
    0x08006208   0x0000032c   Code   RO          829    .text               mc_w.l(_scanf.o)
    0x08006534   0x00000028   Code   RO          831    .text               mc_w.l(ctype_c.o)
    0x0800655c   0x00000020   Code   RO          694    i.__0printf         mc_w.l(printfa.o)
    0x0800657c   0x00000028   Code   RO          696    i.__0sprintf        mc_w.l(printfa.o)
    0x080065a4   0x0000005c   Code   RO          726    i.__free$realloc    mc_w.l(mallocr.o)
    0x08006600   0x00000050   Code   RO          727    i.__malloc$realloc  mc_w.l(mallocr.o)
    0x08006650   0x0000000e   Code   RO          836    i.__scatterload_copy  mc_w.l(handlers.o)
    0x0800665e   0x00000002   Code   RO          837    i.__scatterload_null  mc_w.l(handlers.o)
    0x08006660   0x0000000e   Code   RO          838    i.__scatterload_zeroinit  mc_w.l(handlers.o)
    0x0800666e   0x00000002   PAD
    0x08006670   0x00000164   Code   RO          701    i._fp_digits        mc_w.l(printfa.o)
    0x080067d4   0x0000000e   Code   RO          754    i._is_digit         mc_w.l(scanf_fp.o)
    0x080067e2   0x00000002   PAD
    0x080067e4   0x000006dc   Code   RO          702    i._printf_core      mc_w.l(printfa.o)
    0x08006ec0   0x00000024   Code   RO          703    i._printf_post_padding  mc_w.l(printfa.o)
    0x08006ee4   0x0000002e   Code   RO          704    i._printf_pre_padding  mc_w.l(printfa.o)
    0x08006f12   0x0000000a   Code   RO          706    i._sputc            mc_w.l(printfa.o)
    0x08006f1c   0x00000050   Code   RO          728    i.internal_alloc    mc_w.l(mallocr.o)
    0x08006f6c   0x0000006c   Code   RO          729    i.realloc           mc_w.l(mallocr.o)
    0x08006fd8   0x0000001c   Code   RO          431    i.strtod            m_ws.l(strtod.o)
    0x08006ff4   0x000000f6   Data   RO          303    .constdata          algorithm.o
    0x080070ea   0x00000040   Data   RO          832    .constdata          mc_w.l(ctype_c.o)
    0x0800712a   0x00000002   PAD
    0x0800712c   0x0000026f   Data   RO            3    .conststring        main.o
    0x0800739b   0x00000001   PAD
    0x0800739c   0x00000020   Data   RO          834    Region$$Table       anon$$obj.o


    Execution Region RW_IRAM1 (Base: 0x20000000, Size: 0x000054c8, Max: 0x00010000, ABSOLUTE)

    Base Addr    Size         Type   Attr      Idx    E Section Name        Object

    0x20000000   0x00000074   Data   RW            4    .data               main.o
    0x20000074   0x00000014   Data   RW          131    .data               system_stm32f10x.o
    0x20000088   0x00000014   Data   RW          184    .data               cjson.o
    0x2000009c   0x00000004   Data   RW          337    .data               delay.o
    0x200000a0   0x00000014   Data   RW          393    .data               stm32f10x_rcc.o
    0x200000b4   0x00000004   Data   RW          806    .data               mc_w.l(mvars.o)
    0x200000b8   0x00000004   Data   RW          807    .data               mc_w.l(mvars.o)
    0x200000bc   0x00001898   Zero   RW            2    .bss                main.o
    0x20001954   0x0000000f   Zero   RW          183    .bss                cjson.o
    0x20001963   0x00000001   PAD
    0x20001964   0x00001760   Zero   RW          302    .bss                algorithm.o
    0x200030c4   0x00000004   PAD
    0x200030c8   0x00002000   Zero   RW          374    HEAP                startup_stm32f10x_md.o
    0x200050c8   0x00000400   Zero   RW          373    STACK               startup_stm32f10x_md.o


==============================================================================

Image component sizes


      Code (inc. data)   RO Data    RW Data    ZI Data      Debug   Object Name

      1700         30        246          0       5984       5423   algorithm.o
       560         12          0          0          0       2239   channeliic.o
      8880        178          0         20         15      41124   cjson.o
         0          0          0          0          0         32   core_cm3.o
       212         18          0          4          0        983   delay.o
       484         12          0          0          0       2462   dht11.o
        52          6          0          0          0        467   led.o
      3500        522        623        116       6296     246333   main.o
       760          4          0          0          0       3326   max30102.o
       220         22          0          0          0       1761   misc.o
       900         14          0          0          0       3378   myiic.o
       780          0          0          0          0       3929   quene.o
        36          8        236          0       9216        776   startup_stm32f10x_md.o
       860         38          0          0          0       5609   stm32f10x_gpio.o
        26          0          0          0          0     204214   stm32f10x_it.o
       932         36          0         20          0       8764   stm32f10x_rcc.o
      1032         22          0          0          0       8332   stm32f10x_usart.o
        12          0          0          0          0        433   sys.o
       480         38          0         20          0       1683   system_stm32f10x.o

    ----------------------------------------------------------------------
     21428        960       1138        180      21516     541268   Object Totals
         0          0         32          0          0          0   (incl. Generated)
         2          0          1          0          5          0   (incl. Padding)

    ----------------------------------------------------------------------

      Code (inc. data)   RO Data    RW Data    ZI Data      Debug   Library Member Name

        28          0          0          0          0         80   strtod.o
        56          8          0          0          0         84   __0sscanf.o
       812          4          0          0          0        112   _scanf.o
        64          0          0          0          0         84   _sgetc.o
        40          6         64          0          0         68   ctype_c.o
         0          0          0          0          0          0   entry.o
         0          0          0          0          0          0   entry10a.o
         0          0          0          0          0          0   entry11a.o
         8          4          0          0          0          0   entry2.o
         4          0          0          0          0          0   entry5.o
         0          0          0          0          0          0   entry7b.o
         0          0          0          0          0          0   entry8b.o
         8          4          0          0          0          0   entry9a.o
        30          0          0          0          0          0   handlers.o
        36          8          0          0          0         68   init.o
        10          0          0          0          0         68   isspace_c.o
         0          0          0          0          0          0   iusefp.o
        30          0          0          0          0         68   llshl.o
        36          0          0          0          0         68   llsshr.o
        32          0          0          0          0         68   llushr.o
       360         30          0          0          0        356   mallocr.o
        36          0          0          0          0         68   memcpya.o
        36          0          0          0          0        108   memseta.o
         0          0          0          8          0          0   mvars.o
      2276         96          0          0          0        596   printfa.o
        40          8          0          0          0         84   scanf_char.o
       838         12          0          0          0        216   scanf_fp.o
        20          0          0          0          0         68   strchr.o
        28          0          0          0          0         76   strcmp.o
        18          0          0          0          0         68   strcpy.o
        14          0          0          0          0         68   strlen.o
        30          0          0          0          0         80   strncmp.o
        36          0          0          0          0         80   strstr.o
       156         14          0          0          0        120   strtod.o
        12          0          0          0          0         68   tolower.o
        44          0          0          0          0         80   uidiv.o
        98          0          0          0          0         92   uldiv.o
        48          0          0          0          0         68   cdcmple.o
        48          0          0          0          0         68   cdrcmple.o
        56          0          0          0          0         88   d2f.o
       334          0          0          0          0        148   dadd.o
       222          0          0          0          0        100   ddiv.o
       186          0          0          0          0        176   depilogue.o
        62          0          0          0          0         80   dfixi.o
        48          0          0          0          0         68   dfixul.o
        34          0          0          0          0         76   dflti.o
        26          0          0          0          0         76   dfltui.o
        24          0          0          0          0         76   dfltul.o
       228          0          0          0          0         96   dmul.o
        38          0          0          0          0         68   f2d.o
       124          0          0          0          0         88   fdiv.o
       110          0          0          0          0        168   fepilogue.o
        50          0          0          0          0         68   ffixi.o
        10          0          0          0          0         68   ffltui.o
       100          0          0          0          0         76   fmul.o

    ----------------------------------------------------------------------
      6996        194         66          8          0       4652   Library Totals
        12          0          2          0          0          0   (incl. Padding)

    ----------------------------------------------------------------------

      Code (inc. data)   RO Data    RW Data    ZI Data      Debug   Library Name

        28          0          0          0          0         80   m_ws.l
      5208        194         64          8          0       2916   mc_w.l
      1748          0          0          0          0       1656   mf_w.l

    ----------------------------------------------------------------------
      6996        194         66          8          0       4652   Library Totals

    ----------------------------------------------------------------------

==============================================================================


      Code (inc. data)   RO Data    RW Data    ZI Data      Debug   

     28424       1154       1204        188      21516     542120   Grand Totals
     28424       1154       1204        188      21516     542120   ELF Image Totals
     28424       1154       1204        188          0          0   ROM Totals

==============================================================================

    Total RO  Size (Code + RO Data)                29628 (  28.93kB)
    Total RW  Size (RW Data + ZI Data)             21704 (  21.20kB)
    Total ROM Size (Code + RO Data + RW Data)      29816 (  29.12kB)

==============================================================================

